Microchip MPLAB XC8 Compiler V2.46

Linker command line:

-W-3 \
  --edf=C:\Program Files\Microchip\xc8\v2.46\pic\dat\20240104201356_en.msgs \
  -cn -h+dist/default/debug\Application1.debug.sym \
  --cmf=dist/default/debug\Application1.debug.cmf -z -Q18F4620 \
  -oC:\Users\pr7\AppData\Local\Temp\xcAs6vs.\driver_tmp_3.o \
  --defsym=__MPLAB_BUILD=1 --fixupoverflow=error \
  -Mdist/default/debug/Application1.debug.map \
  --md=C:\Users\pr7\AppData\Local\Temp\xcAs6vs.\driver_tmp_0.dat -E1 \
  -ver=XC8 Compiler --acfsm=1493 -ACODE=00h-0FFFFh -ACONST=00h-0FFFFh \
  -ASMALLCONST=01000h-010FFhx240 -AMEDIUMCONST=01000h-0FFFFh \
  -ACOMRAM=01h-07Fh -AABS1=00h-0F7Fh -ABIGRAM=01h-0F7Fh \
  -ARAM=080h-0FFh,0100h-01FFhx14,0F00h-0F7Fh -ABANK0=080h-0FFh \
  -ABANK1=0100h-01FFh -ABANK2=0200h-02FFh -ABANK3=0300h-03FFh \
  -ABANK4=0400h-04FFh -ABANK5=0500h-05FFh -ABANK6=0600h-06FFh \
  -ABANK7=0700h-07FFh -ABANK8=0800h-08FFh -ABANK9=0900h-09FFh \
  -ABANK10=0A00h-0AFFh -ABANK11=0B00h-0BFFh -ABANK12=0C00h-0CFFh \
  -ABANK13=0D00h-0DFFh -ABANK14=0E00h-0EFFh -ABANK15=0F00h-0F7Fh \
  -ASFR=0F80h-0FFFh -ABIGSFR=0F80h-0FFFh -ACONFIG=0300000h-030000Dh \
  -AIDLOC=0200000h-0200007h -AEEDATA=0F00000h-0F003FFh -peeprom_data=EEDATA \
  -preset_vec=00h,intcode=8h,intcodelo=18h,powerup,init -pramtop=01000h \
  -psmallconst=SMALLCONST -pmediumconst=MEDIUMCONST -pconst=CONST \
  -AFARRAM=00h-00h \
  -prdata=COMRAM,nvrram=COMRAM,nvbit=COMRAM,rbss=COMRAM,rbit=COMRAM \
  -pfarbss=FARRAM,fardata=FARRAM,nvFARRAM=FARRAM \
  -pintsave_regs=BIGRAM,bigbss=BIGRAM,bigdata=BIGRAM -pbss=RAM \
  -pidata=CODE,irdata=CODE,ibigdata=CODE,ifardata=CODE -prparam=COMRAM \
  C:\Users\pr7\AppData\Local\Temp\xcAs6vs.\driver_tmp_9.o \
  dist/default/debug\Application1.debug.o 

Object code version is 3.11

Machine type is 18F4620



                Name                               Link     Load   Length Selector   Space Scale
C:\Users\pr7\AppData\Local\Temp\xcAs6vs.\driver_tmp_9.o
                config                           300000   300000        E        0       4
                init                                 86       86        4        C       0
                reset_vec                             0        0        4        0       0
dist/default/debug\Application1.debug.o
                intcodelo                            18       18       6E        C       0
                intcode                               8        8        6        4       0
                config                           300000   300000        E        0       4
                temp                                 70       70        1        1       1
                smallconst                         1000     1000       16      800       0
                text34                             1C60     1C60       46      80B       0
                text33                             1DD6     1DD6       28      80B       0
                text32                             1DA8     1DA8       2E      80B       0
                text31                             1EB0     1EB0       1A      80B       0
                text30                             1E96     1E96       1A      80B       0
                text29                             1E7C     1E7C       1A      80B       0
                text28                             1E62     1E62       1A      80B       0
                intcode_body                       1016     1016      256      80B       0
                text26                             1C1A     1C1A       46      80B       0
                text25                             1D1A     1D1A       32      80B       0
                text24                             1D7A     1D7A       2E      80B       0
                text23                             1D4C     1D4C       2E      80B       0
                text21                             1CA6     1CA6       3E      80B       0
                text20                             13B4     13B4      132      80B       0
                text19                             126C     126C      148      80B       0
                text18                             17F2     17F2       80      80B       0
                text17                             18EC     18EC       78      80B       0
                text16                             1E46     1E46       1C      80B       0
                text15                             1B0C     1B0C       64      80B       0
                text14                             1AA8     1AA8       64      80B       0
                text13                             14E6     14E6      112      80B       0
                text12                             1A44     1A44       64      80B       0
                text11                             15F8     15F8       CA      80B       0
                text10                             176A     176A       88      80B       0
                text9                              1F02     1F02        8      80B       0
                text8                              1872     1872       7A      80B       0
                text7                              1EF2     1EF2       10      80B       0
                text6                              16C2     16C2       A8      80B       0
                text5                              19D6     19D6       6E      80B       0
                text4                              1E22     1E22       24      80B       0
                text3                              1DFE     1DFE       24      80B       0
                text2                              1964     1964       72      80B       0
                text1                              1ECA     1ECA       16      80B       0
                text0                              1BC6     1BC6       54      80B       0
                cstackCOMRAM                         5A       5A       16        1       1
                cstackBANK0                          92       92        9       80       1
                dataBANK0                            80       80       12       80       1
                dataCOMRAM                            1        1       36        1       1
                bssCOMRAM                            37       37       23        1       1
                cinit                              1B70     1B70       56      80B       0
                idataBANK0                         1EE0     1EE0       12      80B       0
                idataCOMRAM                        1CE4     1CE4       36      80B       0

TOTAL           Name                               Link     Load   Length     Space
        CLASS   CODE           
                intcodelo                            18       18       6E         0
                intcode                               8        8        6         0
                init                                 86       86        4         0
                reset_vec                             0        0        4         0
                text34                             1C60     1C60       46         0
                text33                             1DD6     1DD6       28         0
                text32                             1DA8     1DA8       2E         0
                text31                             1EB0     1EB0       1A         0
                text30                             1E96     1E96       1A         0
                text29                             1E7C     1E7C       1A         0
                text28                             1E62     1E62       1A         0
                intcode_body                       1016     1016      256         0
                text26                             1C1A     1C1A       46         0
                text25                             1D1A     1D1A       32         0
                text24                             1D7A     1D7A       2E         0
                text23                             1D4C     1D4C       2E         0
                text21                             1CA6     1CA6       3E         0
                text20                             13B4     13B4      132         0
                text19                             126C     126C      148         0
                text18                             17F2     17F2       80         0
                text17                             18EC     18EC       78         0
                text16                             1E46     1E46       1C         0
                text15                             1B0C     1B0C       64         0
                text14                             1AA8     1AA8       64         0
                text13                             14E6     14E6      112         0
                text12                             1A44     1A44       64         0
                text11                             15F8     15F8       CA         0
                text10                             176A     176A       88         0
                text9                              1F02     1F02        8         0
                text8                              1872     1872       7A         0
                text7                              1EF2     1EF2       10         0
                text6                              16C2     16C2       A8         0
                text5                              19D6     19D6       6E         0
                text4                              1E22     1E22       24         0
                text3                              1DFE     1DFE       24         0
                text2                              1964     1964       72         0
                text1                              1ECA     1ECA       16         0
                text0                              1BC6     1BC6       54         0
                cinit                              1B70     1B70       56         0
                idataBANK0                         1EE0     1EE0       12         0
                idataCOMRAM                        1CE4     1CE4       36         0

        CLASS   CONST          

        CLASS   SMALLCONST     
                smallconst                         1000     1000       16         0

        CLASS   MEDIUMCONST    

        CLASS   COMRAM         
                temp                                 70       70        1         1
                cstackCOMRAM                         5A       5A       16         1
                dataCOMRAM                            1        1       36         1
                bssCOMRAM                            37       37       23         1

        CLASS   ABS1           

        CLASS   BIGRAM         

        CLASS   RAM            

        CLASS   BANK0          
                cstackBANK0                          92       92        9         1
                dataBANK0                            80       80       12         1

        CLASS   BANK1          

        CLASS   BANK2          

        CLASS   BANK3          

        CLASS   BANK4          

        CLASS   BANK5          

        CLASS   BANK6          

        CLASS   BANK7          

        CLASS   BANK8          

        CLASS   BANK9          

        CLASS   BANK10         

        CLASS   BANK11         

        CLASS   BANK12         

        CLASS   BANK13         

        CLASS   BANK14         

        CLASS   BANK15         

        CLASS   SFR            

        CLASS   BIGSFR         

        CLASS   CONFIG         
                config                           300000   300000        E         4

        CLASS   IDLOC          

        CLASS   EEDATA         

        CLASS   FARRAM         

        CLASS   HEAP           

        CLASS   STACK          



SEGMENTS        Name                           Load    Length   Top    Selector   Space  Class

                reset_vec                      000000  000004  000004         0       0  CODE    
                dataCOMRAM                     000001  000070  000071         1       1  COMRAM  
                intcode                        000008  000006  00000E         4       0  CODE    
                intcodelo                      000018  000072  00008A         C       0  CODE    
                dataBANK0                      000080  00001B  00009B        80       1  BANK0   
                smallconst                     001000  000016  001016       800       0  SMALLCON
                intcode_body                   001016  000EF4  001F0A       80B       0  CODE    


UNUSED ADDRESS RANGES

        Name                Unused          Largest block    Delta
        BANK0            00009B-0000FF               65
        BANK1            000100-0001FF              100
        BANK10           000A00-000AFF              100
        BANK11           000B00-000BFF              100
        BANK12           000C00-000CFF              100
        BANK13           000D00-000DFF              100
        BANK14           000E00-000EFF              100
        BANK15           000F00-000F7F               80
        BANK2            000200-0002FF              100
        BANK3            000300-0003FF              100
        BANK4            000400-0004FF              100
        BANK5            000500-0005FF              100
        BANK6            000600-0006FF              100
        BANK7            000700-0007FF              100
        BANK8            000800-0008FF              100
        BANK9            000900-0009FF              100
        BIGRAM           000071-00007F                F
                         00009B-000F7F              EE5
        BIGSFR           000F80-000FFF               80
        CODE             000004-000007                4
                         00000E-000017                A
                         00008A-000FFF              F76
                         001F0A-00FFFF             E0F6
        COMRAM           000071-00007F                F
        CONST            000004-000007                4
                         00000E-000017                A
                         00008A-000FFF              F76
                         001F0A-00FFFF             E0F6
        EEDATA           F00000-F003FF              400
        IDLOC            200000-200007                8
        MEDIUMCONST      001F0A-00FFFF             E0F6
        RAM              00009B-000F7F              100
        SFR              000F80-000FFF               80
        SMALLCONST       001F0A-00FFFF              100

                                  Symbol Table

EEPROM_ReadByte@bAdd                            cstackCOMRAM 000069
EEPROM_ReadByte@bData                           cstackCOMRAM 00006B
EEPROM_ReadByte@ret                             cstackCOMRAM 00006C
EEPROM_WriteByte@General_Interrupt_Status       cstackCOMRAM 000063
EEPROM_WriteByte@bAdd                           cstackCOMRAM 000060
EEPROM_WriteByte@bData                          cstackCOMRAM 000062
RB4_ISR@source                                  cstackCOMRAM 00005A
RB5_ISR@source                                  cstackCOMRAM 00005A
RB6_ISR@source                                  cstackCOMRAM 00005A
RB7_ISR@source                                  cstackCOMRAM 00005A
_EEADR                                          (abs)        000FA9
_EEADRH                                         (abs)        000FAA
_EECON1bits                                     (abs)        000FA6
_EECON2                                         (abs)        000FA7
_EEDATA                                         (abs)        000FA8
_EEPROM_ReadByte                                text21       001CA6
_EEPROM_WriteByte                               text26       001C1A
_INT0_APP_ISR                                   text25       001D1A
_INT0_APP_ISR$intlevel1                         text25       001D24
_INT0_ISR                                       text32       001DA8
_INT0_InterruptHandler                          bssCOMRAM    00004B
_INT1_ISR                                       text24       001D7A
_INT1_InterruptHandler                          bssCOMRAM    000049
_INT2_ISR                                       text23       001D4C
_INT2_InterruptHandler                          bssCOMRAM    000047
_INTCON2bits                                    (abs)        000FF1
_INTCON3bits                                    (abs)        000FF0
_INTCONbits                                     (abs)        000FF2
_InterruptManagerHigh                           intcode      000008
_InterruptManagerLow                            intcodelo    000018
_LATA                                           (abs)        000F89
_LATB                                           (abs)        000F8A
_LATC                                           (abs)        000F8B
_LATD                                           (abs)        000F8C
_LATE                                           (abs)        000F8D
_PORTA                                          (abs)        000F80
_PORTB                                          (abs)        000F81
_PORTBbits                                      (abs)        000F81
_PORTC                                          (abs)        000F82
_PORTD                                          (abs)        000F83
_PORTE                                          (abs)        000F84
_RB4_High_InterruptHandler                      bssCOMRAM    000043
_RB4_ISR                                        text31       001EB0
_RB4_Low_InterruptHandler                       bssCOMRAM    000045
_RB4_flag                                       bssCOMRAM    000050
_RB5_High_InterruptHandler                      bssCOMRAM    00003F
_RB5_ISR                                        text30       001E96
_RB5_Low_InterruptHandler                       bssCOMRAM    000041
_RB5_flag                                       bssCOMRAM    00004F
_RB6_High_InterruptHandler                      bssCOMRAM    00003B
_RB6_ISR                                        text29       001E7C
_RB6_Low_InterruptHandler                       bssCOMRAM    00003D
_RB6_flag                                       bssCOMRAM    00004E
_RB7_High_InterruptHandler                      bssCOMRAM    000037
_RB7_ISR                                        text28       001E62
_RB7_Low_InterruptHandler                       bssCOMRAM    000039
_RB7_flag                                       bssCOMRAM    00004D
_RCONbits                                       (abs)        000FD0
_TRISA                                          (abs)        000F92
_TRISB                                          (abs)        000F93
_TRISC                                          (abs)        000F94
_TRISD                                          (abs)        000F95
_TRISE                                          (abs)        000F96
__HRAM                                          (abs)        000000
__H__absolute__                                 __absolute__ 000000
__Habs1                                         abs1         000000
__Hbank0                                        bank0        000000
__Hbank1                                        bank1        000000
__Hbank10                                       bank10       000000
__Hbank11                                       bank11       000000
__Hbank12                                       bank12       000000
__Hbank13                                       bank13       000000
__Hbank14                                       bank14       000000
__Hbank15                                       bank15       000000
__Hbank2                                        bank2        000000
__Hbank3                                        bank3        000000
__Hbank4                                        bank4        000000
__Hbank5                                        bank5        000000
__Hbank6                                        bank6        000000
__Hbank7                                        bank7        000000
__Hbank8                                        bank8        000000
__Hbank9                                        bank9        000000
__Hbigbss                                       bigbss       000000
__Hbigdata                                      bigdata      000000
__Hbigram                                       bigram       000000
__Hbigsfr                                       bigsfr       000000
__Hbss                                          bss          000000
__HbssCOMRAM                                    bssCOMRAM    000000
__Hcinit                                        cinit        000000
__Hclrtext                                      clrtext      000000
__Hcomram                                       comram       000000
__Hconfig                                       config       30000E
__Hconst                                        const        000000
__HcstackBANK0                                  cstackBANK0  000000
__HcstackCOMRAM                                 cstackCOMRAM 000000
__Hdata                                         data         000000
__HdataBANK0                                    dataBANK0    000000
__HdataCOMRAM                                   dataCOMRAM   000000
__Heeprom_data                                  eeprom_data  000000
__Hfarbss                                       farbss       000000
__Hfardata                                      fardata      000000
__Hheap                                         heap         000000
__Hibigdata                                     ibigdata     000000
__Hidata                                        idata        000000
__HidataBANK0                                   idataBANK0   000000
__HidataCOMRAM                                  idataCOMRAM  000000
__Hidloc                                        idloc        000000
__Hifardata                                     ifardata     000000
__Hinit                                         init         00008A
__Hintcode                                      intcode      00000E
__Hintcode_body                                 intcode_body 000000
__Hintcodelo                                    intcodelo    000086
__Hintentry                                     intentry     000000
__Hintret                                       intret       000000
__Hintsave_regs                                 intsave_regs 000000
__Hirdata                                       irdata       000000
__Hmediumconst                                  mediumconst  000000
__HnvFARRAM                                     nvFARRAM     000000
__Hnvbit                                        nvbit        000000
__Hnvrram                                       nvrram       000000
__Hparam                                        rparam       000000
__Hpowerup                                      powerup      000086
__Hram                                          ram          000000
__Hramtop                                       ramtop       001000
__Hrbit                                         rbit         000000
__Hrbss                                         rbss         000000
__Hrdata                                        rdata        000000
__Hreset_vec                                    reset_vec    000004
__Hrparam                                       rparam       000000
__Hsfr                                          sfr          000000
__Hsivt_hi                                      sivt_hi      000000
__Hsivt_lo                                      sivt_lo      000000
__Hsmallconst                                   smallconst   001016
__Hspace_0                                      (abs)        001F0A
__Hspace_1                                      (abs)        00009B
__Hspace_2                                      (abs)        000000
__Hspace_4                                      (abs)        60000E
__Hstack                                        stack        000000
__Hstruct                                       struct       000000
__Htemp                                         temp         000071
__Htext                                         text         000000
__Htext0                                        text0        000000
__Htext1                                        text1        000000
__Htext10                                       text10       000000
__Htext11                                       text11       000000
__Htext12                                       text12       000000
__Htext13                                       text13       000000
__Htext14                                       text14       000000
__Htext15                                       text15       000000
__Htext16                                       text16       000000
__Htext17                                       text17       000000
__Htext18                                       text18       000000
__Htext19                                       text19       000000
__Htext2                                        text2        000000
__Htext20                                       text20       000000
__Htext21                                       text21       000000
__Htext23                                       text23       000000
__Htext24                                       text24       000000
__Htext25                                       text25       000000
__Htext26                                       text26       000000
__Htext28                                       text28       000000
__Htext29                                       text29       000000
__Htext3                                        text3        000000
__Htext30                                       text30       000000
__Htext31                                       text31       000000
__Htext32                                       text32       000000
__Htext33                                       text33       000000
__Htext34                                       text34       000000
__Htext4                                        text4        000000
__Htext5                                        text5        000000
__Htext6                                        text6        000000
__Htext7                                        text7        000000
__Htext8                                        text8        000000
__Htext9                                        text9        000000
__LRAM                                          (abs)        000001
__L__absolute__                                 __absolute__ 000000
__Labs1                                         abs1         000000
__Lbank0                                        bank0        000000
__Lbank1                                        bank1        000000
__Lbank10                                       bank10       000000
__Lbank11                                       bank11       000000
__Lbank12                                       bank12       000000
__Lbank13                                       bank13       000000
__Lbank14                                       bank14       000000
__Lbank15                                       bank15       000000
__Lbank2                                        bank2        000000
__Lbank3                                        bank3        000000
__Lbank4                                        bank4        000000
__Lbank5                                        bank5        000000
__Lbank6                                        bank6        000000
__Lbank7                                        bank7        000000
__Lbank8                                        bank8        000000
__Lbank9                                        bank9        000000
__Lbigbss                                       bigbss       000000
__Lbigdata                                      bigdata      000000
__Lbigram                                       bigram       000000
__Lbigsfr                                       bigsfr       000000
__Lbss                                          bss          000000
__LbssCOMRAM                                    bssCOMRAM    000000
__Lcinit                                        cinit        000000
__Lclrtext                                      clrtext      000000
__Lcomram                                       comram       000000
__Lconfig                                       config       000000
__Lconst                                        const        000000
__LcstackBANK0                                  cstackBANK0  000000
__LcstackCOMRAM                                 cstackCOMRAM 000000
__Ldata                                         data         000000
__LdataBANK0                                    dataBANK0    000000
__LdataCOMRAM                                   dataCOMRAM   000000
__Leeprom_data                                  eeprom_data  000000
__Lfarbss                                       farbss       000000
__Lfardata                                      fardata      000000
__Lheap                                         heap         000000
__Libigdata                                     ibigdata     000000
__Lidata                                        idata        000000
__LidataBANK0                                   idataBANK0   000000
__LidataCOMRAM                                  idataCOMRAM  000000
__Lidloc                                        idloc        000000
__Lifardata                                     ifardata     000000
__Linit                                         init         000086
__Lintcode                                      intcode      000008
__Lintcode_body                                 intcode_body 000000
__Lintcodelo                                    intcodelo    000018
__Lintentry                                     intentry     000000
__Lintret                                       intret       000000
__Lintsave_regs                                 intsave_regs 000000
__Lirdata                                       irdata       000000
__Lmediumconst                                  mediumconst  000000
__LnvFARRAM                                     nvFARRAM     000000
__Lnvbit                                        nvbit        000000
__Lnvrram                                       nvrram       000000
__Lparam                                        rparam       000000
__Lpowerup                                      powerup      000086
__Lram                                          ram          000000
__Lramtop                                       ramtop       001000
__Lrbit                                         rbit         000000
__Lrbss                                         rbss         000000
__Lrdata                                        rdata        000000
__Lreset_vec                                    reset_vec    000000
__Lrparam                                       rparam       000000
__Lsfr                                          sfr          000000
__Lsivt_hi                                      sivt_hi      000000
__Lsivt_lo                                      sivt_lo      000000
__Lsmallconst                                   smallconst   001000
__Lspace_0                                      (abs)        000000
__Lspace_1                                      (abs)        000000
__Lspace_2                                      (abs)        000000
__Lspace_4                                      (abs)        000000
__Lstack                                        stack        000000
__Lstruct                                       struct       000000
__Ltemp                                         temp         000070
__Ltext                                         text         000000
__Ltext0                                        text0        000000
__Ltext1                                        text1        000000
__Ltext10                                       text10       000000
__Ltext11                                       text11       000000
__Ltext12                                       text12       000000
__Ltext13                                       text13       000000
__Ltext14                                       text14       000000
__Ltext15                                       text15       000000
__Ltext16                                       text16       000000
__Ltext17                                       text17       000000
__Ltext18                                       text18       000000
__Ltext19                                       text19       000000
__Ltext2                                        text2        000000
__Ltext20                                       text20       000000
__Ltext21                                       text21       000000
__Ltext23                                       text23       000000
__Ltext24                                       text24       000000
__Ltext25                                       text25       000000
__Ltext26                                       text26       000000
__Ltext28                                       text28       000000
__Ltext29                                       text29       000000
__Ltext3                                        text3        000000
__Ltext30                                       text30       000000
__Ltext31                                       text31       000000
__Ltext32                                       text32       000000
__Ltext33                                       text33       000000
__Ltext34                                       text34       000000
__Ltext4                                        text4        000000
__Ltext5                                        text5        000000
__Ltext6                                        text6        000000
__Ltext7                                        text7        000000
__Ltext8                                        text8        000000
__Ltext9                                        text9        000000
__S0                                            (abs)        001F0A
__S1                                            (abs)        00009B
__S4                                            (abs)        000000
__S5                                            (abs)        000000
___heap_hi                                      (abs)        000000
___heap_lo                                      (abs)        000000
___inthi_sp                                     stack        000000
___inthi_stack_hi                               stack        000000
___inthi_stack_lo                               stack        000000
___intlo_sp                                     stack        000000
___intlo_stack_hi                               stack        000000
___intlo_stack_lo                               stack        000000
___param_bank                                   (abs)        000000
___rparam_used                                  (abs)        000001
___sp                                           stack        000000
___stack_hi                                     stack        000000
___stack_lo                                     stack        000000
__accesstop                                     (abs)        000080
__activetblptr                                  (abs)        000003
__end_of_EEPROM_ReadByte                        text21       001CE4
__end_of_EEPROM_WriteByte                       text26       001C60
__end_of_INT0_APP_ISR                           text25       001D4C
__end_of_INT0_ISR                               text32       001DD6
__end_of_INT1_ISR                               text24       001DA8
__end_of_INT2_ISR                               text23       001D7A
__end_of_InterruptManagerHigh                   intcode_body 00126C
__end_of_InterruptManagerLow                    intcodelo    000086
__end_of_RB4_ISR                                text31       001ECA
__end_of_RB5_ISR                                text30       001EB0
__end_of_RB6_ISR                                text29       001E96
__end_of_RB7_ISR                                text28       001E7C
__end_of__initialization                        cinit        001BBC
__end_of_application_initialize                 text7        001F02
__end_of_ecu_layer_initialize                   text16       001E62
__end_of_ext_interrupt_INTx_Clear_Flag          text15       001B70
__end_of_ext_interrupt_INTx_Disable             text14       001B0C
__end_of_ext_interrupt_INTx_Edge_Init           text13       0015F8
__end_of_ext_interrupt_INTx_Enable              text12       001AA8
__end_of_ext_interrupt_INTx_Init                text8        0018EC
__end_of_ext_interrupt_INTx_Priority_Init       text11       0016C2
__end_of_ext_interrupt_INTx_SetInterruptHandler text10       0017F2
__end_of_global_interrupt_Enable                text9        001F0A
__end_of_gpio_pin_direction_initialize          text20       0014E6
__end_of_gpio_pin_initialize                    text18       001872
__end_of_gpio_pin_toggle_logic                  text6        00176A
__end_of_gpio_pin_write_logic                   text19       0013B4
__end_of_keypad_values                          smallconst   001011
__end_of_led_initialize                         text17       001964
__end_of_led_turn_off                           text2        0019D6
__end_of_led_turn_toggle                        text5        001A44
__end_of_main                                   text0        001C1A
__end_of_program1                               text4        001E46
__end_of_program2                               text3        001E22
__end_of_program3                               text1        001EE0
__end_ofi2_EEPROM_WriteByte                     text34       001CA6
__end_ofi2_INT0_APP_ISR                         text33       001DFE
__initialization                                cinit        001B70
__mediumconst                                   mediumconst  000000
__pbssCOMRAM                                    bssCOMRAM    000037
__pcinit                                        cinit        001B70
__pcstackBANK0                                  cstackBANK0  000092
__pcstackCOMRAM                                 cstackCOMRAM 00005A
__pdataBANK0                                    dataBANK0    000080
__pdataCOMRAM                                   dataCOMRAM   000001
__pidataBANK0                                   idataBANK0   001EE0
__pidataCOMRAM                                  idataCOMRAM  001CE4
__pintcode                                      intcode      000008
__pintcode_body                                 intcode_body 001016
__pintcodelo                                    intcodelo    000018
__psmallconst                                   smallconst   001000
__ptext0                                        text0        001BC6
__ptext1                                        text1        001ECA
__ptext10                                       text10       00176A
__ptext11                                       text11       0015F8
__ptext12                                       text12       001A44
__ptext13                                       text13       0014E6
__ptext14                                       text14       001AA8
__ptext15                                       text15       001B0C
__ptext16                                       text16       001E46
__ptext17                                       text17       0018EC
__ptext18                                       text18       0017F2
__ptext19                                       text19       00126C
__ptext2                                        text2        001964
__ptext20                                       text20       0013B4
__ptext21                                       text21       001CA6
__ptext23                                       text23       001D4C
__ptext24                                       text24       001D7A
__ptext25                                       text25       001D1A
__ptext26                                       text26       001C1A
__ptext28                                       text28       001E62
__ptext29                                       text29       001E7C
__ptext3                                        text3        001DFE
__ptext30                                       text30       001E96
__ptext31                                       text31       001EB0
__ptext32                                       text32       001DA8
__ptext33                                       text33       001DD6
__ptext34                                       text34       001C60
__ptext4                                        text4        001E22
__ptext5                                        text5        0019D6
__ptext6                                        text6        0016C2
__ptext7                                        text7        001EF2
__ptext8                                        text8        001872
__ptext9                                        text9        001F02
__ramtop                                        ramtop       001000
__smallconst                                    smallconst   001000
_application_initialize                         text7        001EF2
_btn1                                           dataCOMRAM   00002A
_ecu_layer_initialize                           text16       001E46
_ext_interrupt_INTx_Clear_Flag                  text15       001B0C
_ext_interrupt_INTx_Disable                     text14       001AA8
_ext_interrupt_INTx_Edge_Init                   text13       0014E6
_ext_interrupt_INTx_Enable                      text12       001A44
_ext_interrupt_INTx_Init                        text8        001872
_ext_interrupt_INTx_Priority_Init               text11       0015F8
_ext_interrupt_INTx_SetInterruptHandler         text10       00176A
_global_interrupt_Enable                        text9        001F02
_gpio_pin_direction_initialize                  text20       0013B4
_gpio_pin_initialize                            text18       0017F2
_gpio_pin_toggle_logic                          text6        0016C2
_gpio_pin_write_logic                           text19       00126C
_int0                                           dataCOMRAM   000030
_keypad1                                        dataBANK0    00008A
_keypad_values                                  smallconst   001001
_lat_registers                                  dataCOMRAM   00000B
_lcd1                                           dataCOMRAM   00001F
_lcd2                                           dataBANK0    000080
_led1                                           dataCOMRAM   000036
_led2                                           dataCOMRAM   000035
_led_initialize                                 text17       0018EC
_led_turn_off                                   text2        001964
_led_turn_toggle                                text5        0019D6
_main                                           text0        001BC6
_motor1                                         dataCOMRAM   00002D
_port_registers                                 dataCOMRAM   000001
_program                                        bssCOMRAM    000059
_program1                                       text4        001E22
_program2                                       text3        001DFE
_program3                                       text1        001ECA
_relay1                                         bssCOMRAM    000051
_ret                                            dataCOMRAM   00002F
_segment1                                       dataCOMRAM   000025
_tris_registers                                 dataCOMRAM   000015
btemp                                           temp         000070
ecu_layer_initialize@ret_init                   cstackBANK0  00009A
end_of_initialization                           cinit        001BBC
ext_interrupt_INTx_Clear_Flag@int_obj           cstackCOMRAM 000069
ext_interrupt_INTx_Clear_Flag@ret               cstackCOMRAM 00006A
ext_interrupt_INTx_Disable@int_obj              cstackCOMRAM 000069
ext_interrupt_INTx_Disable@ret                  cstackCOMRAM 00006A
ext_interrupt_INTx_Edge_Init@int_obj            cstackCOMRAM 000069
ext_interrupt_INTx_Edge_Init@ret                cstackCOMRAM 00006C
ext_interrupt_INTx_Enable@int_obj               cstackCOMRAM 000069
ext_interrupt_INTx_Enable@ret                   cstackCOMRAM 00006A
ext_interrupt_INTx_Init@int_obj                 cstackBANK0  000092
ext_interrupt_INTx_Init@ret                     cstackBANK0  000093
ext_interrupt_INTx_Priority_Init@int_obj        cstackCOMRAM 000069
ext_interrupt_INTx_Priority_Init@ret            cstackCOMRAM 00006C
ext_interrupt_INTx_SetInterruptHandler@int_obj  cstackCOMRAM 000069
ext_interrupt_INTx_SetInterruptHandler@ret      cstackCOMRAM 00006A
gpio_pin_direction_initialize@_pin_config       cstackCOMRAM 000069
gpio_pin_direction_initialize@ret               cstackCOMRAM 00006F
gpio_pin_initialize@_pin_config                 cstackBANK0  000093
gpio_pin_initialize@ret                         cstackBANK0  000095
gpio_pin_toggle_logic@_pin_config               cstackCOMRAM 000069
gpio_pin_toggle_logic@ret                       cstackCOMRAM 00006E
gpio_pin_write_logic@_pin_config                cstackCOMRAM 000069
gpio_pin_write_logic@logic                      cstackCOMRAM 00006A
gpio_pin_write_logic@ret                        cstackBANK0  000092
i2EEPROM_WriteByte@General_Interrupt_Status     cstackCOMRAM 00005D
i2EEPROM_WriteByte@bAdd                         cstackCOMRAM 00005A
i2EEPROM_WriteByte@bData                        cstackCOMRAM 00005C
i2_EEPROM_WriteByte                             text34       001C60
i2_INT0_APP_ISR                                 text33       001DD6
int$flags                                       temp         000070
int_func                                        intcode_body 001016
intlevel0                                       text         000000
intlevel1                                       text         000000
intlevel2                                       text         000000
intlevel3                                       text         000000
isa$std                                         (abs)        000001
isa$xinst                                       (abs)        000000
led_initialize@F3062                            bssCOMRAM    000058
led_initialize@led                              cstackBANK0  000096
led_initialize@pin                              cstackBANK0  000099
led_initialize@ret                              cstackBANK0  000098
led_turn_off@F3072                              bssCOMRAM    000056
led_turn_off@led                                cstackBANK0  000093
led_turn_off@pin                                cstackBANK0  000095
led_turn_on@F3067                               bssCOMRAM    000057
led_turn_toggle@F3077                           bssCOMRAM    000055
led_turn_toggle@led                             cstackCOMRAM 00006F
led_turn_toggle@pin                             cstackBANK0  000093
relay_initialize@F3060                          bssCOMRAM    000054
relay_turn_off@F3070                            bssCOMRAM    000052
relay_turn_on@F3065                             bssCOMRAM    000053
stackhi                                         (abs)        000000
stacklo                                         (abs)        000000
start                                           init         000086
start_initialization                            cinit        001B70
ttemp5                                          temp         000071
ttemp6                                          temp         000074
ttemp7                                          temp         000078
wtemp8                                          temp         000071


MODULE INFORMATION

Module		Function		Class		Link	Load	Size
Application1.c
		_INT0_APP_ISR  		CODE           	1D1A	0000	50
		_application_initialize		CODE           	1EF2	0000	16
		_main          		CODE           	1BC6	0000	84
		_program1      		CODE           	1E22	0000	36
		_program2      		CODE           	1DFE	0000	36
		_program3      		CODE           	1ECA	0000	22

Application1.c estimated size: 244

shared
		i2_INT0_APP_ISR		CODE           	1DD6	0000	40
		i2_EEPROM_WriteByte		CODE           	1C60	0000	70
		__initialization		CODE           	1B70	0000	76
		_keypad_values 		SMALLCONST     	1001	0000	16

shared estimated size: 202

MCAL_Layer/Interrupt/mcal_external_interrupt.c
		_ext_interrupt_INTx_Clear_Flag		CODE           	1B0C	0000	100
		_ext_interrupt_INTx_Edge_Init		CODE           	14E6	0000	274
		_ext_interrupt_INTx_Init		CODE           	1872	0000	122
		_global_interrupt_Enable		CODE           	1F02	0000	8
		_ext_interrupt_INTx_Priority_Init		CODE           	15F8	0000	202
		_ext_interrupt_INTx_Disable		CODE           	1AA8	0000	100
		_ext_interrupt_INTx_SetInterruptHandler		CODE           	176A	0000	136
		_RB4_ISR       		CODE           	1EB0	0000	26
		_RB5_ISR       		CODE           	1E96	0000	26
		_RB6_ISR       		CODE           	1E7C	0000	26
		_RB7_ISR       		CODE           	1E62	0000	26
		_ext_interrupt_INTx_Enable		CODE           	1A44	0000	100
		_INT0_ISR      		CODE           	1DA8	0000	46
		_INT1_ISR      		CODE           	1D7A	0000	46
		_INT2_ISR      		CODE           	1D4C	0000	46

MCAL_Layer/Interrupt/mcal_external_interrupt.c estimated size: 1284

MCAL_Layer/Interrupt/mcal_interrupt_manager.c
		_InterruptManagerLow		CODE           	0018	0000	110
		_InterruptManagerHigh		CODE           	0008	0000	604

MCAL_Layer/Interrupt/mcal_interrupt_manager.c estimated size: 714

ECU_Layer/LED/ecu_led.c
		_led_turn_toggle		CODE           	19D6	0000	110
		_led_initialize		CODE           	18EC	0000	120
		_led_turn_off  		CODE           	1964	0000	114

ECU_Layer/LED/ecu_led.c estimated size: 344

ECU_Layer/ecu_layer_init.c
		_ecu_layer_initialize		CODE           	1E46	0000	28

ECU_Layer/ecu_layer_init.c estimated size: 28

MCAL_Layer/GPIO/mcal_gpio.c
		_gpio_pin_write_logic		CODE           	126C	0000	328
		_gpio_pin_direction_initialize		CODE           	13B4	0000	306
		_gpio_pin_toggle_logic		CODE           	16C2	0000	168
		_gpio_pin_initialize		CODE           	17F2	0000	128

MCAL_Layer/GPIO/mcal_gpio.c estimated size: 930

MCAL_Layer/EEPROM/mcal_eeprom.c
		_EEPROM_WriteByte		CODE           	1C1A	0000	70
		_EEPROM_ReadByte		CODE           	1CA6	0000	62

MCAL_Layer/EEPROM/mcal_eeprom.c estimated size: 132

