Microchip MPLAB XC8 Compiler V2.46

Linker command line:

-W-3 \
  --edf=C:\Program Files\Microchip\xc8\v2.46\pic\dat\20240104201356_en.msgs \
  -cn -h+dist/default/debug\Application1.debug.sym \
  --cmf=dist/default/debug\Application1.debug.cmf -z -Q18F4620 \
  -oC:\Users\pr7\AppData\Local\Temp\xcBs688.1\driver_tmp_3.o \
  --defsym=__MPLAB_BUILD=1 --fixupoverflow=error \
  -Mdist/default/debug/Application1.debug.map \
  --md=C:\Users\pr7\AppData\Local\Temp\xcBs688.1\driver_tmp_0.dat -E1 \
  -ver=XC8 Compiler --acfsm=1493 -ACODE=00h-0FFFFh -ACONST=00h-0FFFFh \
  -ASMALLCONST=01000h-010FFhx240 -AMEDIUMCONST=01000h-0FFFFh \
  -ACOMRAM=01h-07Fh -AABS1=00h-0F7Fh -ABIGRAM=01h-0F7Fh \
  -ARAM=080h-0FFh,0100h-01FFhx14,0F00h-0F7Fh -ABANK0=080h-0FFh \
  -ABANK1=0100h-01FFh -ABANK2=0200h-02FFh -ABANK3=0300h-03FFh \
  -ABANK4=0400h-04FFh -ABANK5=0500h-05FFh -ABANK6=0600h-06FFh \
  -ABANK7=0700h-07FFh -ABANK8=0800h-08FFh -ABANK9=0900h-09FFh \
  -ABANK10=0A00h-0AFFh -ABANK11=0B00h-0BFFh -ABANK12=0C00h-0CFFh \
  -ABANK13=0D00h-0DFFh -ABANK14=0E00h-0EFFh -ABANK15=0F00h-0F7Fh \
  -ASFR=0F80h-0FFFh -ABIGSFR=0F80h-0FFFh -ACONFIG=0300000h-030000Dh \
  -AIDLOC=0200000h-0200007h -AEEDATA=0F00000h-0F003FFh -peeprom_data=EEDATA \
  -preset_vec=00h,intcode=8h,intcodelo=18h,powerup,init -pramtop=01000h \
  -psmallconst=SMALLCONST -pmediumconst=MEDIUMCONST -pconst=CONST \
  -AFARRAM=00h-00h \
  -prdata=COMRAM,nvrram=COMRAM,nvbit=COMRAM,rbss=COMRAM,rbit=COMRAM \
  -pfarbss=FARRAM,fardata=FARRAM,nvFARRAM=FARRAM \
  -pintsave_regs=BIGRAM,bigbss=BIGRAM,bigdata=BIGRAM -pbss=RAM \
  -pidata=CODE,irdata=CODE,ibigdata=CODE,ifardata=CODE -prparam=COMRAM \
  C:\Users\pr7\AppData\Local\Temp\xcBs688.1\driver_tmp_9.o \
  dist/default/debug\Application1.debug.o 

Object code version is 3.11

Machine type is 18F4620



                Name                               Link     Load   Length Selector   Space Scale
C:\Users\pr7\AppData\Local\Temp\xcBs688.1\driver_tmp_9.o
                config                           300000   300000        E        0       4
                init                                 66       66        4        C       0
                reset_vec                             0        0        4        0       0
dist/default/debug\Application1.debug.o
                intcodelo                            18       18       4E        C       0
                intcode                               8        8        6        4       0
                config                           300000   300000        E        0       4
                temp                                 7D       7D        1        1       1
                smallconst                         1000     1000       16      800       0
                text35                             2CC4     2CC4        4     155C       0
                text34                             2CC0     2CC0        4     155C       0
                text33                             2C44     2C44       1A     155C       0
                text32                             2C2A     2C2A       1A     155C       0
                text31                             2C10     2C10       1A     155C       0
                text30                             2BF6     2BF6       1A     155C       0
                text29                             2C9C     2C9C        C     155C       0
                text28                             2C90     2C90        C     155C       0
                text27                             2CB0     2CB0        8     155C       0
                text26                             2C82     2C82        E     155C       0
                intcode_body                       1C9A     1C9A      2E6      80B       0
                text24                             2CBC     2CBC        4     155C       0
                text23                             2CB8     2CB8        4     155C       0
                text21                             1016     1016      4C0      80B       0
                text20                             1900     1900      39A      80B       0
                text19                             14D6     14D6      42A      80B       0
                text18                             2744     2744      106      80B       0
                text17                             1F80     1F80      1B4      80B       0
                text16                             2134     2134      14A      80B       0
                text15                             23C2     23C2      132      80B       0
                text14                             227E     227E      144      80B       0
                text13                             2918     2918       7A      80B       0
                text12                             2AF6     2AF6       3E     155C       0
                text11                             2AB8     2AB8       3E     155C       0
                text10                             2B70     2B70       36     155C       0
                text9                              2992     2992       72      80B       0
                text8                              2C74     2C74        E     155C       0
                text7                              2CA8     2CA8        8     155C       0
                text6                              284A     284A       CE      80B       0
                text5                              2C5E     2C5E       16     155C       0
                text4                              261C     261C      128      80B       0
                text3                              2BCE     2BCE       28     155C       0
                text2                              24F4     24F4      128      80B       0
                text1                              2BA6     2BA6       28     155C       0
                text0                              2B34     2B34       3C     155C       0
                cstackCOMRAM                          1        1       69        1       1
                cstackBANK0                          FD       FD        1       80       1
                bssBANK1                            100      100        B      100       1
                dataBANK0                            80       80       4D       80       1
                bssBANK0                             CD       CD       30       80       1
                dataCOMRAM                           7B       7B        2        1       1
                bssCOMRAM                            6A       6A       11        1       1
                cinit                              2A04     2A04       66      80B       0
                idataBANK0                         2A6A     2A6A       4D      80B       0
                idataCOMRAM                        2CC8     2CC8        2     155C       0

TOTAL           Name                               Link     Load   Length     Space
        CLASS   CODE           
                intcodelo                            18       18       4E         0
                intcode                               8        8        6         0
                init                                 66       66        4         0
                reset_vec                             0        0        4         0
                text35                             2CC4     2CC4        4         0
                text34                             2CC0     2CC0        4         0
                text33                             2C44     2C44       1A         0
                text32                             2C2A     2C2A       1A         0
                text31                             2C10     2C10       1A         0
                text30                             2BF6     2BF6       1A         0
                text29                             2C9C     2C9C        C         0
                text28                             2C90     2C90        C         0
                text27                             2CB0     2CB0        8         0
                text26                             2C82     2C82        E         0
                intcode_body                       1C9A     1C9A      2E6         0
                text24                             2CBC     2CBC        4         0
                text23                             2CB8     2CB8        4         0
                text21                             1016     1016      4C0         0
                text20                             1900     1900      39A         0
                text19                             14D6     14D6      42A         0
                text18                             2744     2744      106         0
                text17                             1F80     1F80      1B4         0
                text16                             2134     2134      14A         0
                text15                             23C2     23C2      132         0
                text14                             227E     227E      144         0
                text13                             2918     2918       7A         0
                text12                             2AF6     2AF6       3E         0
                text11                             2AB8     2AB8       3E         0
                text10                             2B70     2B70       36         0
                text9                              2992     2992       72         0
                text8                              2C74     2C74        E         0
                text7                              2CA8     2CA8        8         0
                text6                              284A     284A       CE         0
                text5                              2C5E     2C5E       16         0
                text4                              261C     261C      128         0
                text3                              2BCE     2BCE       28         0
                text2                              24F4     24F4      128         0
                text1                              2BA6     2BA6       28         0
                text0                              2B34     2B34       3C         0
                cinit                              2A04     2A04       66         0
                idataBANK0                         2A6A     2A6A       4D         0
                idataCOMRAM                        2CC8     2CC8        2         0

        CLASS   CONST          

        CLASS   SMALLCONST     
                smallconst                         1000     1000       16         0

        CLASS   MEDIUMCONST    

        CLASS   COMRAM         
                temp                                 7D       7D        1         1
                cstackCOMRAM                          1        1       69         1
                dataCOMRAM                           7B       7B        2         1
                bssCOMRAM                            6A       6A       11         1

        CLASS   ABS1           

        CLASS   BIGRAM         

        CLASS   RAM            

        CLASS   BANK0          
                cstackBANK0                          FD       FD        1         1
                dataBANK0                            80       80       4D         1
                bssBANK0                             CD       CD       30         1

        CLASS   BANK1          
                bssBANK1                            100      100        B         1

        CLASS   BANK2          

        CLASS   BANK3          

        CLASS   BANK4          

        CLASS   BANK5          

        CLASS   BANK6          

        CLASS   BANK7          

        CLASS   BANK8          

        CLASS   BANK9          

        CLASS   BANK10         

        CLASS   BANK11         

        CLASS   BANK12         

        CLASS   BANK13         

        CLASS   BANK14         

        CLASS   BANK15         

        CLASS   SFR            

        CLASS   BIGSFR         

        CLASS   CONFIG         
                config                           300000   300000        E         4

        CLASS   IDLOC          

        CLASS   EEDATA         

        CLASS   FARRAM         

        CLASS   HEAP           

        CLASS   STACK          



SEGMENTS        Name                           Load    Length   Top    Selector   Space  Class

                reset_vec                      000000  000004  000004         0       0  CODE    
                cstackCOMRAM                   000001  00007D  00007E         1       1  COMRAM  
                intcode                        000008  000006  00000E         4       0  CODE    
                intcodelo                      000018  000052  00006A         C       0  CODE    
                dataBANK0                      000080  00007E  0000FE        80       1  BANK0   
                bssBANK1                       000100  00000B  00010B       100       1  BANK1   
                smallconst                     001000  000016  001016       800       0  SMALLCON
                text21                         001016  001AA1  002AB7       80B       0  CODE    
                text11                         002AB8  000212  002CCA      155C       0  CODE    


UNUSED ADDRESS RANGES

        Name                Unused          Largest block    Delta
        BANK0            0000FE-0000FF                2
        BANK1            00010B-0001FF               F5
        BANK10           000A00-000AFF              100
        BANK11           000B00-000BFF              100
        BANK12           000C00-000CFF              100
        BANK13           000D00-000DFF              100
        BANK14           000E00-000EFF              100
        BANK15           000F00-000F7F               80
        BANK2            000200-0002FF              100
        BANK3            000300-0003FF              100
        BANK4            000400-0004FF              100
        BANK5            000500-0005FF              100
        BANK6            000600-0006FF              100
        BANK7            000700-0007FF              100
        BANK8            000800-0008FF              100
        BANK9            000900-0009FF              100
        BIGRAM           00007E-00007F                2
                         0000FE-0000FF                2
                         00010B-000F7F              E75
        BIGSFR           000F80-000FFF               80
        CODE             000004-000007                4
                         00000E-000017                A
                         00006A-000FFF              F96
                         002AB7-002AB7                1
                         002CCA-00FFFF             D336
        COMRAM           00007E-00007F                2
        CONST            000004-000007                4
                         00000E-000017                A
                         00006A-000FFF              F96
                         002AB7-002AB7                1
                         002CCA-00FFFF             D336
        EEDATA           F00000-F003FF              400
        IDLOC            200000-200007                8
        MEDIUMCONST      002AB7-002AB7                1
                         002CCA-00FFFF             D336
        RAM              0000FE-0000FF                2
                         00010B-000F7F              100
        SFR              000F80-000FFF               80
        SMALLCONST       002AB7-002AB7                1
                         002CCA-00FFFF              100

                                  Symbol Table

?___fladd                                 cstackCOMRAM 00002A
?___fldiv                                 cstackCOMRAM 000011
?___flmul                                 cstackCOMRAM 00003A
?___fltol                                 cstackCOMRAM 000053
?___xxtofl                                cstackCOMRAM 000003
RB4_ISR@source                            cstackCOMRAM 000001
RB5_ISR@source                            cstackCOMRAM 000001
RB6_ISR@source                            cstackCOMRAM 000001
RB7_ISR@source                            cstackCOMRAM 000001
_ADCON0bits                               (abs)        000FC2
_ADCON1bits                               (abs)        000FC1
_ADCON2bits                               (abs)        000FC0
_ADC_ISR                                  text35       002CC4
_ADC_InterruptHandler                     bssBANK0     0000FB
_ADRESH                                   (abs)        000FC4
_ADRESL                                   (abs)        000FC3
_CCP1CONbits                              (abs)        000FBD
_CCP2CONbits                              (abs)        000FBA
_CCPR1L                                   (abs)        000FBE
_CCPR2L                                   (abs)        000FBB
_EEADR                                    (abs)        000FA9
_EEADRH                                   (abs)        000FAA
_EECON1bits                               (abs)        000FA6
_EECON2                                   (abs)        000FA7
_EEDATA                                   (abs)        000FA8
_INT0_ISR                                 text34       002CC0
_INT0_InterruptHandler                    bssBANK0     0000F9
_INT1_ISR                                 text24       002CBC
_INT1_InterruptHandler                    bssBANK0     0000F7
_INT2_ISR                                 text23       002CB8
_INT2_InterruptHandler                    bssBANK0     0000F5
_INTCON2bits                              (abs)        000FF1
_INTCON3bits                              (abs)        000FF0
_INTCONbits                               (abs)        000FF2
_IPR1bits                                 (abs)        000F9F
_IPR2bits                                 (abs)        000FA2
_InterruptManagerHigh                     intcode      000008
_InterruptManagerLow                      intcodelo    000018
_LATA                                     (abs)        000F89
_LATB                                     (abs)        000F8A
_LATC                                     (abs)        000F8B
_LATD                                     (abs)        000F8C
_LATE                                     (abs)        000F8D
_PIE1bits                                 (abs)        000F9D
_PIE2bits                                 (abs)        000FA0
_PIR1bits                                 (abs)        000F9E
_PIR2bits                                 (abs)        000FA1
_PORTA                                    (abs)        000F80
_PORTB                                    (abs)        000F81
_PORTBbits                                (abs)        000F81
_PORTC                                    (abs)        000F82
_PORTD                                    (abs)        000F83
_PORTE                                    (abs)        000F84
_PR2                                      (abs)        000FCB
_RB4_High_InterruptHandler                bssBANK0     0000F1
_RB4_ISR                                  text33       002C44
_RB4_Low_InterruptHandler                 bssBANK0     0000F3
_RB4_flag                                 bssCOMRAM    000072
_RB5_High_InterruptHandler                bssBANK0     0000ED
_RB5_ISR                                  text32       002C2A
_RB5_Low_InterruptHandler                 bssBANK0     0000EF
_RB5_flag                                 bssCOMRAM    000071
_RB6_High_InterruptHandler                bssBANK0     0000E9
_RB6_ISR                                  text31       002C10
_RB6_Low_InterruptHandler                 bssBANK0     0000EB
_RB6_flag                                 bssCOMRAM    000070
_RB7_High_InterruptHandler                bssBANK0     0000E5
_RB7_ISR                                  text30       002BF6
_RB7_Low_InterruptHandler                 bssBANK0     0000E7
_RB7_flag                                 bssCOMRAM    00006F
_RCONbits                                 (abs)        000FD0
_T0CONbits                                (abs)        000FD5
_T1CONbits                                (abs)        000FCD
_T2CONbits                                (abs)        000FCA
_T3CONbits                                (abs)        000FB1
_TIMER0_ISR                               text29       002C9C
_TIMER0_InterruptHandler                  bssBANK0     0000E3
_TIMER1_ISR                               text28       002C90
_TIMER1_InterruptHandler                  bssBANK0     0000E1
_TIMER2_ISR                               text27       002CB0
_TIMER2_InterruptHandler                  bssBANK0     0000DF
_TIMER3_ISR                               text26       002C82
_TIMER3_InterruptHandler                  bssBANK0     0000DD
_TMR0H                                    (abs)        000FD7
_TMR0L                                    (abs)        000FD6
_TMR1H                                    (abs)        000FCF
_TMR1L                                    (abs)        000FCE
_TMR2                                     (abs)        000FCC
_TMR3H                                    (abs)        000FB3
_TMR3L                                    (abs)        000FB2
_TRISA                                    (abs)        000F92
_TRISB                                    (abs)        000F93
_TRISC                                    (abs)        000F94
_TRISD                                    (abs)        000F95
_TRISE                                    (abs)        000F96
__HRAM                                    (abs)        000000
__H__absolute__                           __absolute__ 000000
__Habs1                                   abs1         000000
__Hbank0                                  bank0        000000
__Hbank1                                  bank1        000000
__Hbank10                                 bank10       000000
__Hbank11                                 bank11       000000
__Hbank12                                 bank12       000000
__Hbank13                                 bank13       000000
__Hbank14                                 bank14       000000
__Hbank15                                 bank15       000000
__Hbank2                                  bank2        000000
__Hbank3                                  bank3        000000
__Hbank4                                  bank4        000000
__Hbank5                                  bank5        000000
__Hbank6                                  bank6        000000
__Hbank7                                  bank7        000000
__Hbank8                                  bank8        000000
__Hbank9                                  bank9        000000
__Hbigbss                                 bigbss       000000
__Hbigdata                                bigdata      000000
__Hbigram                                 bigram       000000
__Hbigsfr                                 bigsfr       000000
__Hbss                                    bss          000000
__HbssBANK0                               bssBANK0     000000
__HbssBANK1                               bssBANK1     000000
__HbssCOMRAM                              bssCOMRAM    000000
__Hcinit                                  cinit        000000
__Hclrtext                                clrtext      000000
__Hcomram                                 comram       000000
__Hconfig                                 config       30000E
__Hconst                                  const        000000
__HcstackBANK0                            cstackBANK0  000000
__HcstackCOMRAM                           cstackCOMRAM 000000
__Hdata                                   data         000000
__HdataBANK0                              dataBANK0    000000
__HdataCOMRAM                             dataCOMRAM   000000
__Heeprom_data                            eeprom_data  000000
__Hfarbss                                 farbss       000000
__Hfardata                                fardata      000000
__Hheap                                   heap         000000
__Hibigdata                               ibigdata     000000
__Hidata                                  idata        000000
__HidataBANK0                             idataBANK0   000000
__HidataCOMRAM                            idataCOMRAM  000000
__Hidloc                                  idloc        000000
__Hifardata                               ifardata     000000
__Hinit                                   init         00006A
__Hintcode                                intcode      00000E
__Hintcode_body                           intcode_body 000000
__Hintcodelo                              intcodelo    000066
__Hintentry                               intentry     000000
__Hintret                                 intret       000000
__Hintsave_regs                           intsave_regs 000000
__Hirdata                                 irdata       000000
__Hmediumconst                            mediumconst  000000
__HnvFARRAM                               nvFARRAM     000000
__Hnvbit                                  nvbit        000000
__Hnvrram                                 nvrram       000000
__Hparam                                  rparam       000000
__Hpowerup                                powerup      000066
__Hram                                    ram          000000
__Hramtop                                 ramtop       001000
__Hrbit                                   rbit         000000
__Hrbss                                   rbss         000000
__Hrdata                                  rdata        000000
__Hreset_vec                              reset_vec    000004
__Hrparam                                 rparam       000000
__Hsfr                                    sfr          000000
__Hsivt_hi                                sivt_hi      000000
__Hsivt_lo                                sivt_lo      000000
__Hsmallconst                             smallconst   001016
__Hspace_0                                (abs)        002CCA
__Hspace_1                                (abs)        00010B
__Hspace_2                                (abs)        000000
__Hspace_4                                (abs)        60000E
__Hstack                                  stack        000000
__Hstruct                                 struct       000000
__Htemp                                   temp         00007E
__Htext                                   text         000000
__Htext0                                  text0        000000
__Htext1                                  text1        000000
__Htext10                                 text10       000000
__Htext11                                 text11       000000
__Htext12                                 text12       000000
__Htext13                                 text13       000000
__Htext14                                 text14       000000
__Htext15                                 text15       000000
__Htext16                                 text16       000000
__Htext17                                 text17       000000
__Htext18                                 text18       000000
__Htext19                                 text19       000000
__Htext2                                  text2        000000
__Htext20                                 text20       000000
__Htext21                                 text21       000000
__Htext23                                 text23       000000
__Htext24                                 text24       000000
__Htext26                                 text26       000000
__Htext27                                 text27       000000
__Htext28                                 text28       000000
__Htext29                                 text29       000000
__Htext3                                  text3        000000
__Htext30                                 text30       000000
__Htext31                                 text31       000000
__Htext32                                 text32       000000
__Htext33                                 text33       000000
__Htext34                                 text34       000000
__Htext35                                 text35       000000
__Htext4                                  text4        000000
__Htext5                                  text5        000000
__Htext6                                  text6        000000
__Htext7                                  text7        000000
__Htext8                                  text8        000000
__Htext9                                  text9        000000
__LRAM                                    (abs)        000001
__L__absolute__                           __absolute__ 000000
__Labs1                                   abs1         000000
__Lbank0                                  bank0        000000
__Lbank1                                  bank1        000000
__Lbank10                                 bank10       000000
__Lbank11                                 bank11       000000
__Lbank12                                 bank12       000000
__Lbank13                                 bank13       000000
__Lbank14                                 bank14       000000
__Lbank15                                 bank15       000000
__Lbank2                                  bank2        000000
__Lbank3                                  bank3        000000
__Lbank4                                  bank4        000000
__Lbank5                                  bank5        000000
__Lbank6                                  bank6        000000
__Lbank7                                  bank7        000000
__Lbank8                                  bank8        000000
__Lbank9                                  bank9        000000
__Lbigbss                                 bigbss       000000
__Lbigdata                                bigdata      000000
__Lbigram                                 bigram       000000
__Lbigsfr                                 bigsfr       000000
__Lbss                                    bss          000000
__LbssBANK0                               bssBANK0     000000
__LbssBANK1                               bssBANK1     000000
__LbssCOMRAM                              bssCOMRAM    000000
__Lcinit                                  cinit        000000
__Lclrtext                                clrtext      000000
__Lcomram                                 comram       000000
__Lconfig                                 config       000000
__Lconst                                  const        000000
__LcstackBANK0                            cstackBANK0  000000
__LcstackCOMRAM                           cstackCOMRAM 000000
__Ldata                                   data         000000
__LdataBANK0                              dataBANK0    000000
__LdataCOMRAM                             dataCOMRAM   000000
__Leeprom_data                            eeprom_data  000000
__Lfarbss                                 farbss       000000
__Lfardata                                fardata      000000
__Lheap                                   heap         000000
__Libigdata                               ibigdata     000000
__Lidata                                  idata        000000
__LidataBANK0                             idataBANK0   000000
__LidataCOMRAM                            idataCOMRAM  000000
__Lidloc                                  idloc        000000
__Lifardata                               ifardata     000000
__Linit                                   init         000066
__Lintcode                                intcode      000008
__Lintcode_body                           intcode_body 000000
__Lintcodelo                              intcodelo    000018
__Lintentry                               intentry     000000
__Lintret                                 intret       000000
__Lintsave_regs                           intsave_regs 000000
__Lirdata                                 irdata       000000
__Lmediumconst                            mediumconst  000000
__LnvFARRAM                               nvFARRAM     000000
__Lnvbit                                  nvbit        000000
__Lnvrram                                 nvrram       000000
__Lparam                                  rparam       000000
__Lpowerup                                powerup      000066
__Lram                                    ram          000000
__Lramtop                                 ramtop       001000
__Lrbit                                   rbit         000000
__Lrbss                                   rbss         000000
__Lrdata                                  rdata        000000
__Lreset_vec                              reset_vec    000000
__Lrparam                                 rparam       000000
__Lsfr                                    sfr          000000
__Lsivt_hi                                sivt_hi      000000
__Lsivt_lo                                sivt_lo      000000
__Lsmallconst                             smallconst   001000
__Lspace_0                                (abs)        000000
__Lspace_1                                (abs)        000000
__Lspace_2                                (abs)        000000
__Lspace_4                                (abs)        000000
__Lstack                                  stack        000000
__Lstruct                                 struct       000000
__Ltemp                                   temp         00007D
__Ltext                                   text         000000
__Ltext0                                  text0        000000
__Ltext1                                  text1        000000
__Ltext10                                 text10       000000
__Ltext11                                 text11       000000
__Ltext12                                 text12       000000
__Ltext13                                 text13       000000
__Ltext14                                 text14       000000
__Ltext15                                 text15       000000
__Ltext16                                 text16       000000
__Ltext17                                 text17       000000
__Ltext18                                 text18       000000
__Ltext19                                 text19       000000
__Ltext2                                  text2        000000
__Ltext20                                 text20       000000
__Ltext21                                 text21       000000
__Ltext23                                 text23       000000
__Ltext24                                 text24       000000
__Ltext26                                 text26       000000
__Ltext27                                 text27       000000
__Ltext28                                 text28       000000
__Ltext29                                 text29       000000
__Ltext3                                  text3        000000
__Ltext30                                 text30       000000
__Ltext31                                 text31       000000
__Ltext32                                 text32       000000
__Ltext33                                 text33       000000
__Ltext34                                 text34       000000
__Ltext35                                 text35       000000
__Ltext4                                  text4        000000
__Ltext5                                  text5        000000
__Ltext6                                  text6        000000
__Ltext7                                  text7        000000
__Ltext8                                  text8        000000
__Ltext9                                  text9        000000
__S0                                      (abs)        002CCA
__S1                                      (abs)        00010B
__S4                                      (abs)        000000
__S5                                      (abs)        000000
___fladd                                  text21       001016
___fladd@a                                cstackCOMRAM 00002E
___fladd@aexp                             cstackCOMRAM 000037
___fladd@b                                cstackCOMRAM 00002A
___fladd@bexp                             cstackCOMRAM 000038
___fladd@grs                              cstackCOMRAM 000039
___fladd@signs                            cstackCOMRAM 000036
___fldiv                                  text20       001900
___fldiv@a                                cstackCOMRAM 000015
___fldiv@aexp                             cstackCOMRAM 000029
___fldiv@b                                cstackCOMRAM 000011
___fldiv@bexp                             cstackCOMRAM 000028
___fldiv@grs                              cstackCOMRAM 000024
___fldiv@new_exp                          cstackCOMRAM 000022
___fldiv@rem                              cstackCOMRAM 00001D
___fldiv@sign                             cstackCOMRAM 000021
___flmul                                  text19       0014D6
___flmul@a                                cstackCOMRAM 00003E
___flmul@aexp                             cstackCOMRAM 000047
___flmul@b                                cstackCOMRAM 00003A
___flmul@bexp                             cstackCOMRAM 00004C
___flmul@grs                              cstackCOMRAM 000048
___flmul@prod                             cstackCOMRAM 00004D
___flmul@sign                             cstackCOMRAM 000046
___flmul@temp                             cstackCOMRAM 000051
___fltol                                  text18       002744
___fltol@exp1                             cstackCOMRAM 00005C
___fltol@f1                               cstackCOMRAM 000053
___fltol@sign1                            cstackCOMRAM 00005B
___heap_hi                                (abs)        000000
___heap_lo                                (abs)        000000
___inthi_sp                               stack        000000
___inthi_stack_hi                         stack        000000
___inthi_stack_lo                         stack        000000
___intlo_sp                               stack        000000
___intlo_stack_hi                         stack        000000
___intlo_stack_lo                         stack        000000
___param_bank                             (abs)        000000
___rparam_used                            (abs)        000001
___sp                                     stack        000000
___stack_hi                               stack        000000
___stack_lo                               stack        000000
___xxtofl                                 text17       001F80
___xxtofl@arg                             cstackCOMRAM 00000D
___xxtofl@exp                             cstackCOMRAM 00000C
___xxtofl@sign                            cstackCOMRAM 00000B
___xxtofl@val                             cstackCOMRAM 000003
__accesstop                               (abs)        000080
__activetblptr                            (abs)        000003
__end_of_ADC_ISR                          text35       002CC8
__end_of_INT0_ISR                         text34       002CC4
__end_of_INT1_ISR                         text24       002CC0
__end_of_INT2_ISR                         text23       002CBC
__end_of_InterruptManagerHigh             intcode_body 001F80
__end_of_InterruptManagerLow              intcodelo    000066
__end_of_RB4_ISR                          text33       002C5E
__end_of_RB5_ISR                          text32       002C44
__end_of_RB6_ISR                          text31       002C2A
__end_of_RB7_ISR                          text30       002C10
__end_of_TIMER0_ISR                       text29       002CA8
__end_of_TIMER1_ISR                       text28       002C9C
__end_of_TIMER2_ISR                       text27       002CB8
__end_of_TIMER3_ISR                       text26       002C90
__end_of___fladd                          text21       0014D6
__end_of___fldiv                          text20       001C9A
__end_of___flmul                          text19       001900
__end_of___fltol                          text18       00284A
__end_of___xxtofl                         text17       002134
__end_of__initialization                  cinit        002A60
__end_of_application_initialize           text5        002C74
__end_of_ccp1_Init                        text12       002B34
__end_of_ccp1_PWM_Set_Duty                text4        002744
__end_of_ccp1_PWM_Start                   text3        002BF6
__end_of_ccp2_Init                        text11       002AF6
__end_of_ccp2_PWM_Set_Duty                text2        00261C
__end_of_ccp2_PWM_Start                   text1        002BCE
__end_of_ccp_Init                         text10       002BA6
__end_of_ccp_PWM_Mode_Config              text16       00227E
__end_of_ecu_layer_initialize             text8        002C82
__end_of_global_interrupt_Enable          text7        002CB0
__end_of_gpio_pin_direction_initialize    text15       0024F4
__end_of_gpio_pin_initialize              text13       002992
__end_of_gpio_pin_write_logic             text14       0023C2
__end_of_keypad_values                    smallconst   001011
__end_of_led_initialize                   text9        002A04
__end_of_main                             text0        002B70
__end_of_timer2_Init                      text6        002918
__initialization                          cinit        002A04
__mediumconst                             mediumconst  000000
__pbssBANK0                               bssBANK0     0000CD
__pbssBANK1                               bssBANK1     000100
__pbssCOMRAM                              bssCOMRAM    00006A
__pcinit                                  cinit        002A04
__pcstackBANK0                            cstackBANK0  0000FD
__pcstackCOMRAM                           cstackCOMRAM 000001
__pdataBANK0                              dataBANK0    000080
__pdataCOMRAM                             dataCOMRAM   00007B
__pidataBANK0                             idataBANK0   002A6A
__pidataCOMRAM                            idataCOMRAM  002CC8
__pintcode                                intcode      000008
__pintcode_body                           intcode_body 001C9A
__pintcodelo                              intcodelo    000018
__psmallconst                             smallconst   001000
__ptext0                                  text0        002B34
__ptext1                                  text1        002BA6
__ptext10                                 text10       002B70
__ptext11                                 text11       002AB8
__ptext12                                 text12       002AF6
__ptext13                                 text13       002918
__ptext14                                 text14       00227E
__ptext15                                 text15       0023C2
__ptext16                                 text16       002134
__ptext17                                 text17       001F80
__ptext18                                 text18       002744
__ptext19                                 text19       0014D6
__ptext2                                  text2        0024F4
__ptext20                                 text20       001900
__ptext21                                 text21       001016
__ptext23                                 text23       002CB8
__ptext24                                 text24       002CBC
__ptext26                                 text26       002C82
__ptext27                                 text27       002CB0
__ptext28                                 text28       002C90
__ptext29                                 text29       002C9C
__ptext3                                  text3        002BCE
__ptext30                                 text30       002BF6
__ptext31                                 text31       002C10
__ptext32                                 text32       002C2A
__ptext33                                 text33       002C44
__ptext34                                 text34       002CC0
__ptext35                                 text35       002CC4
__ptext4                                  text4        00261C
__ptext5                                  text5        002C5E
__ptext6                                  text6        00284A
__ptext7                                  text7        002CA8
__ptext8                                  text8        002C74
__ptext9                                  text9        002992
__ramtop                                  ramtop       001000
__smallconst                              smallconst   001000
_application_initialize                   text5        002C5E
_btn1                                     dataBANK0    0000BB
_ccp                                      dataBANK0    0000C0
_ccp1_Init                                text12       002AF6
_ccp1_PWM_Set_Duty                        text4        00261C
_ccp1_PWM_Set_Duty$4181                   cstackCOMRAM 000061
_ccp1_PWM_Start                           text3        002BCE
_ccp2_Init                                text11       002AB8
_ccp2_PWM_Set_Duty                        text2        0024F4
_ccp2_PWM_Set_Duty$4182                   cstackCOMRAM 000061
_ccp2_PWM_Start                           text1        002BA6
_ccp_Init                                 text10       002B70
_ccp_PWM_Mode_Config                      text16       002134
_ccp_PWM_Mode_Config$4183                 cstackCOMRAM 00005F
_ccp_PWM_Mode_Config$4184                 cstackCOMRAM 000063
_ecu_layer_initialize                     text8        002C74
_global_interrupt_Enable                  text7        002CA8
_gpio_pin_direction_initialize            text15       0023C2
_gpio_pin_initialize                      text13       002918
_gpio_pin_write_logic                     text14       00227E
_keypad1                                  dataBANK0    0000A8
_keypad_values                            smallconst   001001
_lat_registers                            dataBANK0    00008A
_lcd1                                     dataBANK0    0000B0
_lcd2                                     dataBANK0    00009E
_led1                                     dataCOMRAM   00007C
_led_initialize                           text9        002992
_main                                     text0        002B34
_motor1                                   dataBANK0    0000BE
_port_registers                           dataBANK0    000080
_relay1                                   bssCOMRAM    000073
_ret                                      dataCOMRAM   00007B
_segment1                                 dataBANK0    0000B6
_timer0_preload                           bssCOMRAM    00006C
_timer1_preload                           bssCOMRAM    00006A
_timer2                                   dataBANK0    0000C8
_timer2_Init                              text6        00284A
_timer2_preload                           bssCOMRAM    00006E
_timer3_preload                           bssBANK0     0000DB
_tris_registers                           dataBANK0    000094
btemp                                     temp         00007D
ccp1_Init@_ccp_obj                        cstackCOMRAM 000067
ccp1_Init@ret                             cstackCOMRAM 000068
ccp1_PWM_Set_Duty@_ccp_obj                cstackCOMRAM 00005D
ccp1_PWM_Set_Duty@_duty                   cstackCOMRAM 00005E
ccp1_PWM_Set_Duty@l_duty_temp             cstackCOMRAM 000066
ccp1_PWM_Set_Duty@ret                     cstackCOMRAM 000065
ccp1_PWM_Start@_ccp_obj                   cstackCOMRAM 000003
ccp1_PWM_Start@ret                        cstackCOMRAM 000004
ccp2_Init@_ccp_obj                        cstackCOMRAM 000067
ccp2_Init@ret                             cstackCOMRAM 000068
ccp2_PWM_Set_Duty@_ccp_obj                cstackCOMRAM 00005D
ccp2_PWM_Set_Duty@_duty                   cstackCOMRAM 00005E
ccp2_PWM_Set_Duty@l_duty_temp             cstackCOMRAM 000066
ccp2_PWM_Set_Duty@ret                     cstackCOMRAM 000065
ccp2_PWM_Start@_ccp_obj                   cstackCOMRAM 000003
ccp2_PWM_Start@ret                        cstackCOMRAM 000004
ccp_Init@_ccp_obj                         cstackCOMRAM 000069
ccp_Init@ret                              cstackBANK0  0000FD
ccp_PWM_Mode_Config@_ccp_obj              cstackCOMRAM 00005D
ecu_layer_initialize@ret_init             cstackCOMRAM 000012
end_of_initialization                     cinit        002A60
gpio_pin_direction_initialize@_pin_config cstackCOMRAM 000003
gpio_pin_direction_initialize@ret         cstackCOMRAM 000009
gpio_pin_initialize@_pin_config           cstackCOMRAM 00000B
gpio_pin_initialize@ret                   cstackCOMRAM 00000D
gpio_pin_write_logic@_pin_config          cstackCOMRAM 000003
gpio_pin_write_logic@logic                cstackCOMRAM 000004
gpio_pin_write_logic@ret                  cstackCOMRAM 00000A
int$flags                                 temp         00007D
int_func                                  intcode_body 001C9A
intlevel0                                 text         000000
intlevel1                                 text         000000
intlevel2                                 text         000000
intlevel3                                 text         000000
isa$std                                   (abs)        000001
isa$xinst                                 (abs)        000000
led_initialize@F3062                      bssCOMRAM    00007A
led_initialize@led                        cstackCOMRAM 00000E
led_initialize@pin                        cstackCOMRAM 000011
led_initialize@ret                        cstackCOMRAM 000010
led_turn_off@F3072                        bssCOMRAM    000078
led_turn_on@F3067                         bssCOMRAM    000079
led_turn_toggle@F3077                     bssCOMRAM    000077
relay_initialize@F3060                    bssCOMRAM    000076
relay_turn_off@F3070                      bssCOMRAM    000074
relay_turn_on@F3065                       bssCOMRAM    000075
stackhi                                   (abs)        000000
stacklo                                   (abs)        000000
start                                     init         000066
start_initialization                      cinit        002A04
timer2_Init@_timer                        cstackCOMRAM 000003
timer2_Init@ret                           cstackCOMRAM 000005
ttemp5                                    temp         00007E
ttemp6                                    temp         000081
ttemp7                                    temp         000085
wtemp8                                    temp         00007E


MODULE INFORMATION

Module		Function		Class		Link	Load	Size
C:\Program Files\Microchip\xc8\v2.46\pic\sources\c99\common\fltol.c
		___fltol       		CODE           	2744	0000	262

C:\Program Files\Microchip\xc8\v2.46\pic\sources\c99\common\fltol.c estimated size: 262

Application1.c
		_application_initialize		CODE           	2C5E	0000	22
		_main          		CODE           	2B34	0000	60

Application1.c estimated size: 82

MCAL_Layer/Timer2/mcal_timer2.c
		_timer2_Init   		CODE           	284A	0000	206
		_TIMER2_ISR    		CODE           	2CB0	0000	8

MCAL_Layer/Timer2/mcal_timer2.c estimated size: 214

MCAL_Layer/Timer0/mcal_timer0.c
		_TIMER0_ISR    		CODE           	2C9C	0000	12

MCAL_Layer/Timer0/mcal_timer0.c estimated size: 12

C:\Program Files\Microchip\xc8\v2.46\pic\sources\c99\common\xxtofl.c
		___xxtofl      		CODE           	1F80	0000	436

C:\Program Files\Microchip\xc8\v2.46\pic\sources\c99\common\xxtofl.c estimated size: 436

C:\Program Files\Microchip\xc8\v2.46\pic\sources\c99\common\sprcmul.c
		___flmul       		CODE           	14D6	0000	1066

C:\Program Files\Microchip\xc8\v2.46\pic\sources\c99\common\sprcmul.c estimated size: 1066

C:\Program Files\Microchip\xc8\v2.46\pic\sources\c99\common\sprcdiv.c
		___fldiv       		CODE           	1900	0000	922

C:\Program Files\Microchip\xc8\v2.46\pic\sources\c99\common\sprcdiv.c estimated size: 922

MCAL_Layer/Interrupt/mcal_interrupt_cfg.c
		_global_interrupt_Enable		CODE           	2CA8	0000	8

MCAL_Layer/Interrupt/mcal_interrupt_cfg.c estimated size: 8

MCAL_Layer/Timer3/mcal_timer3.c
		_TIMER3_ISR    		CODE           	2C82	0000	14

MCAL_Layer/Timer3/mcal_timer3.c estimated size: 14

MCAL_Layer/CCP/mcal_ccp.c
		_ccp1_PWM_Start		CODE           	2BCE	0000	40
		_ccp2_PWM_Start		CODE           	2BA6	0000	40
		_ccp1_Init     		CODE           	2AF6	0000	62
		_ccp1_PWM_Set_Duty		CODE           	261C	0000	296
		_ccp2_Init     		CODE           	2AB8	0000	62
		_ccp2_PWM_Set_Duty		CODE           	24F4	0000	296
		_ccp_PWM_Mode_Config		CODE           	2134	0000	330
		_ccp_Init      		CODE           	2B70	0000	54

MCAL_Layer/CCP/mcal_ccp.c estimated size: 1180

MCAL_Layer/Timer1/mcal_timer1.c
		_TIMER1_ISR    		CODE           	2C90	0000	12

MCAL_Layer/Timer1/mcal_timer1.c estimated size: 12

MCAL_Layer/ADC/mcal_adc.c
		_ADC_ISR       		CODE           	2CC4	0000	4

MCAL_Layer/ADC/mcal_adc.c estimated size: 4

shared
		__initialization		CODE           	2A04	0000	92
		_keypad_values 		SMALLCONST     	1001	0000	16

shared estimated size: 108

MCAL_Layer/Interrupt/mcal_external_interrupt.c
		_RB4_ISR       		CODE           	2C44	0000	26
		_RB5_ISR       		CODE           	2C2A	0000	26
		_RB6_ISR       		CODE           	2C10	0000	26
		_RB7_ISR       		CODE           	2BF6	0000	26
		_INT0_ISR      		CODE           	2CC0	0000	4
		_INT1_ISR      		CODE           	2CBC	0000	4
		_INT2_ISR      		CODE           	2CB8	0000	4

MCAL_Layer/Interrupt/mcal_external_interrupt.c estimated size: 116

MCAL_Layer/Interrupt/mcal_interrupt_manager.c
		_InterruptManagerLow		CODE           	0018	0000	78
		_InterruptManagerHigh		CODE           	0008	0000	748

MCAL_Layer/Interrupt/mcal_interrupt_manager.c estimated size: 826

ECU_Layer/LED/ecu_led.c
		_led_initialize		CODE           	2992	0000	114

ECU_Layer/LED/ecu_led.c estimated size: 114

C:\Program Files\Microchip\xc8\v2.46\pic\sources\c99\common\sprcadd.c
		___fladd       		CODE           	1016	0000	1216

C:\Program Files\Microchip\xc8\v2.46\pic\sources\c99\common\sprcadd.c estimated size: 1216

ECU_Layer/ecu_layer_init.c
		_ecu_layer_initialize		CODE           	2C74	0000	14

ECU_Layer/ecu_layer_init.c estimated size: 14

MCAL_Layer/GPIO/mcal_gpio.c
		_gpio_pin_write_logic		CODE           	227E	0000	324
		_gpio_pin_direction_initialize		CODE           	23C2	0000	306
		_gpio_pin_initialize		CODE           	2918	0000	122

MCAL_Layer/GPIO/mcal_gpio.c estimated size: 752

