Microchip MPLAB XC8 Compiler V2.45

Linker command line:

-W-3 \
  --edf=C:\Program Files\Microchip\xc8\v2.45\pic\dat\20230818022343_en.msgs \
  -cn -h+dist/default/production\Application1.production.sym \
  --cmf=dist/default/production\Application1.production.cmf -z -Q18F4620 \
  -oC:\Users\pr7\AppData\Local\Temp\xcAs5qg.\driver_tmp_3.o \
  --defsym=__MPLAB_BUILD=1 --fixupoverflow=error \
  -Mdist/default/production/Application1.production.map \
  --md=C:\Users\pr7\AppData\Local\Temp\xcAs5qg.\driver_tmp_0.dat -E1 \
  -ver=XC8 Compiler --acfsm=1493 -ACODE=00h-0FFFFh -ACONST=00h-0FFFFh \
  -ASMALLCONST=01000h-010FFhx240 -AMEDIUMCONST=01000h-0FFFFh \
  -ACOMRAM=01h-07Fh -AABS1=00h-0F7Fh -ABIGRAM=01h-0F7Fh \
  -ARAM=080h-0FFh,0100h-01FFhx14,0F00h-0F7Fh -ABANK0=080h-0FFh \
  -ABANK1=0100h-01FFh -ABANK2=0200h-02FFh -ABANK3=0300h-03FFh \
  -ABANK4=0400h-04FFh -ABANK5=0500h-05FFh -ABANK6=0600h-06FFh \
  -ABANK7=0700h-07FFh -ABANK8=0800h-08FFh -ABANK9=0900h-09FFh \
  -ABANK10=0A00h-0AFFh -ABANK11=0B00h-0BFFh -ABANK12=0C00h-0CFFh \
  -ABANK13=0D00h-0DFFh -ABANK14=0E00h-0EFFh -ABANK15=0F00h-0F7Fh \
  -ASFR=0F80h-0FFFh -ABIGSFR=0F80h-0FFFh -ACONFIG=0300000h-030000Dh \
  -AIDLOC=0200000h-0200007h -AEEDATA=0F00000h-0F003FFh -peeprom_data=EEDATA \
  -preset_vec=00h,intcode,intcodelo,powerup,init -pramtop=01000h \
  -psmallconst=SMALLCONST -pmediumconst=MEDIUMCONST -pconst=CONST \
  -AFARRAM=00h-00h \
  -prdata=COMRAM,nvrram=COMRAM,nvbit=COMRAM,rbss=COMRAM,rbit=COMRAM \
  -pfarbss=FARRAM,fardata=FARRAM,nvFARRAM=FARRAM \
  -pintsave_regs=BIGRAM,bigbss=BIGRAM,bigdata=BIGRAM -pbss=RAM \
  -pidata=CODE,irdata=CODE,ibigdata=CODE,ifardata=CODE -prparam=COMRAM \
  C:\Users\pr7\AppData\Local\Temp\xcAs5qg.\driver_tmp_9.o \
  dist/default/production\Application1.production.o 

Object code version is 3.11

Machine type is 18F4620



                Name                               Link     Load   Length Selector   Space Scale
C:\Users\pr7\AppData\Local\Temp\xcAs5qg.\driver_tmp_9.o
                config                           300000   300000        E        0       4
                init                                  0        0        4        0       0
dist/default/production\Application1.production.o
                config                           300000   300000        E        0       4
                smallconst                         1000     1000       28      800       0
                text17                             1028     1028      146      814       0
                text16                             116E     116E      144      814       0
                text15                             1666     1666       7A      814       0
                text14                             19C4     19C4       3E      CC3       0
                text13                             17C8     17C8       62      814       0
                text12                             1886     1886       5C      814       0
                text11                             14D4     14D4       E6      814       0
                text10                             1986     1986       3E      CC3       0
                text9                              16E0     16E0       76      814       0
                text8                              13EE     13EE       E6      814       0
                text7                              1A58     1A58       16      CC3       0
                text6                              1A7E     1A7E        6      CC3       0
                text5                              182A     182A       5C      814       0
                text4                              15BA     15BA       AC      814       0
                text3                              1A02     1A02       3C      CC3       0
                text2                              1756     1756       72      814       0
                text1                              12B2     12B2      13C      814       0
                text0                              1A6E     1A6E       10      CC3       0
                cstackCOMRAM                         4E       4E       26        1       1
                dataBANK0                            80       80       1A       80       1
                dataCOMRAM                            1        1       4D        1       1
                bssCOMRAM                            74       74        8        1       1
                cinit                              18E2     18E2       56      814       0
                idataBANK0                         1A3E     1A3E       1A      CC3       0
                idataCOMRAM                        1938     1938       4D      814       0

TOTAL           Name                               Link     Load   Length     Space
        CLASS   CODE           
                init                                  0        0        4         0
                text17                             1028     1028      146         0
                text16                             116E     116E      144         0
                text15                             1666     1666       7A         0
                text14                             19C4     19C4       3E         0
                text13                             17C8     17C8       62         0
                text12                             1886     1886       5C         0
                text11                             14D4     14D4       E6         0
                text10                             1986     1986       3E         0
                text9                              16E0     16E0       76         0
                text8                              13EE     13EE       E6         0
                text7                              1A58     1A58       16         0
                text6                              1A7E     1A7E        6         0
                text5                              182A     182A       5C         0
                text4                              15BA     15BA       AC         0
                text3                              1A02     1A02       3C         0
                text2                              1756     1756       72         0
                text1                              12B2     12B2      13C         0
                text0                              1A6E     1A6E       10         0
                cinit                              18E2     18E2       56         0
                idataBANK0                         1A3E     1A3E       1A         0
                idataCOMRAM                        1938     1938       4D         0

        CLASS   CONST          

        CLASS   SMALLCONST     
                smallconst                         1000     1000       28         0

        CLASS   MEDIUMCONST    

        CLASS   COMRAM         
                cstackCOMRAM                         4E       4E       26         1
                dataCOMRAM                            1        1       4D         1
                bssCOMRAM                            74       74        8         1

        CLASS   ABS1           

        CLASS   BIGRAM         

        CLASS   RAM            

        CLASS   BANK0          
                dataBANK0                            80       80       1A         1

        CLASS   BANK1          

        CLASS   BANK2          

        CLASS   BANK3          

        CLASS   BANK4          

        CLASS   BANK5          

        CLASS   BANK6          

        CLASS   BANK7          

        CLASS   BANK8          

        CLASS   BANK9          

        CLASS   BANK10         

        CLASS   BANK11         

        CLASS   BANK12         

        CLASS   BANK13         

        CLASS   BANK14         

        CLASS   BANK15         

        CLASS   SFR            

        CLASS   BIGSFR         

        CLASS   CONFIG         
                config                           300000   300000        E         4

        CLASS   IDLOC          

        CLASS   EEDATA         

        CLASS   FARRAM         

        CLASS   HEAP           

        CLASS   STACK          



SEGMENTS        Name                           Load    Length   Top    Selector   Space  Class

                reset_vec                      000000  000004  000004         0       0  CODE    
                dataCOMRAM                     000001  00007B  00007C         1       1  COMRAM  
                dataBANK0                      000080  00001A  00009A        80       1  BANK0   
                smallconst                     001000  000028  001028       800       0  SMALLCON
                text17                         001028  00095D  001985       814       0  CODE    
                text10                         001986  0000FE  001A84       CC3       0  CODE    


UNUSED ADDRESS RANGES

        Name                Unused          Largest block    Delta
        BANK0            00009A-0000FF               66
        BANK1            000100-0001FF              100
        BANK10           000A00-000AFF              100
        BANK11           000B00-000BFF              100
        BANK12           000C00-000CFF              100
        BANK13           000D00-000DFF              100
        BANK14           000E00-000EFF              100
        BANK15           000F00-000F7F               80
        BANK2            000200-0002FF              100
        BANK3            000300-0003FF              100
        BANK4            000400-0004FF              100
        BANK5            000500-0005FF              100
        BANK6            000600-0006FF              100
        BANK7            000700-0007FF              100
        BANK8            000800-0008FF              100
        BANK9            000900-0009FF              100
        BIGRAM           00007C-00007F                4
                         00009A-000F7F              EE6
        BIGSFR           000F80-000FFF               80
        CODE             000004-000FFF              FFC
                         001985-001985                1
                         001A84-00FFFF             E57C
        COMRAM           00007C-00007F                4
        CONST            000004-000FFF              FFC
                         001985-001985                1
                         001A84-00FFFF             E57C
        EEDATA           F00000-F003FF              400
        IDLOC            200000-200007                8
        MEDIUMCONST      001985-001985                1
                         001A84-00FFFF             E57C
        RAM              00009A-000F7F              100
        SFR              000F80-000FFF               80
        SMALLCONST       001985-001985                1
                         001A84-00FFFF              100

                                  Symbol Table

_LATA                                     (abs)        000F89
_LATB                                     (abs)        000F8A
_LATC                                     (abs)        000F8B
_LATD                                     (abs)        000F8C
_LATE                                     (abs)        000F8D
_PORTA                                    (abs)        000F80
_PORTB                                    (abs)        000F81
_PORTC                                    (abs)        000F82
_PORTD                                    (abs)        000F83
_PORTE                                    (abs)        000F84
_TRISA                                    (abs)        000F92
_TRISB                                    (abs)        000F93
_TRISC                                    (abs)        000F94
_TRISD                                    (abs)        000F95
_TRISE                                    (abs)        000F96
__HRAM                                    (abs)        000000
__H__absolute__                           __absolute__ 000000
__Habs1                                   abs1         000000
__Hbank0                                  bank0        000000
__Hbank1                                  bank1        000000
__Hbank10                                 bank10       000000
__Hbank11                                 bank11       000000
__Hbank12                                 bank12       000000
__Hbank13                                 bank13       000000
__Hbank14                                 bank14       000000
__Hbank15                                 bank15       000000
__Hbank2                                  bank2        000000
__Hbank3                                  bank3        000000
__Hbank4                                  bank4        000000
__Hbank5                                  bank5        000000
__Hbank6                                  bank6        000000
__Hbank7                                  bank7        000000
__Hbank8                                  bank8        000000
__Hbank9                                  bank9        000000
__Hbigbss                                 bigbss       000000
__Hbigdata                                bigdata      000000
__Hbigram                                 bigram       000000
__Hbigsfr                                 bigsfr       000000
__Hbss                                    bss          000000
__HbssCOMRAM                              bssCOMRAM    000000
__Hcinit                                  cinit        000000
__Hclrtext                                clrtext      000000
__Hcomram                                 comram       000000
__Hconfig                                 config       30000E
__Hconst                                  const        000000
__HcstackCOMRAM                           cstackCOMRAM 000000
__Hdata                                   data         000000
__HdataBANK0                              dataBANK0    000000
__HdataCOMRAM                             dataCOMRAM   000000
__Heeprom_data                            eeprom_data  000000
__Hfarbss                                 farbss       000000
__Hfardata                                fardata      000000
__Hheap                                   heap         000000
__Hibigdata                               ibigdata     000000
__Hidata                                  idata        000000
__HidataBANK0                             idataBANK0   000000
__HidataCOMRAM                            idataCOMRAM  000000
__Hidloc                                  idloc        000000
__Hifardata                               ifardata     000000
__Hinit                                   init         000004
__Hintcode                                intcode      000000
__Hintcode_body                           intcode_body 000000
__Hintcodelo                              intcodelo    000000
__Hintentry                               intentry     000000
__Hintret                                 intret       000000
__Hintsave_regs                           intsave_regs 000000
__Hirdata                                 irdata       000000
__Hmediumconst                            mediumconst  000000
__HnvFARRAM                               nvFARRAM     000000
__Hnvbit                                  nvbit        000000
__Hnvrram                                 nvrram       000000
__Hparam                                  rparam       000000
__Hpowerup                                powerup      000000
__Hram                                    ram          000000
__Hramtop                                 ramtop       001000
__Hrbit                                   rbit         000000
__Hrbss                                   rbss         000000
__Hrdata                                  rdata        000000
__Hreset_vec                              reset_vec    000000
__Hrparam                                 rparam       000000
__Hsfr                                    sfr          000000
__Hsmallconst                             smallconst   001028
__Hspace_0                                (abs)        001A84
__Hspace_1                                (abs)        00009A
__Hspace_2                                (abs)        000000
__Hspace_4                                (abs)        60000E
__Hstack                                  stack        000000
__Hstruct                                 struct       000000
__Htemp                                   temp         000000
__Htext                                   text         000000
__Htext0                                  text0        000000
__Htext1                                  text1        000000
__Htext10                                 text10       000000
__Htext11                                 text11       000000
__Htext12                                 text12       000000
__Htext13                                 text13       000000
__Htext14                                 text14       000000
__Htext15                                 text15       000000
__Htext16                                 text16       000000
__Htext17                                 text17       000000
__Htext2                                  text2        000000
__Htext3                                  text3        000000
__Htext4                                  text4        000000
__Htext5                                  text5        000000
__Htext6                                  text6        000000
__Htext7                                  text7        000000
__Htext8                                  text8        000000
__Htext9                                  text9        000000
__LRAM                                    (abs)        000001
__L__absolute__                           __absolute__ 000000
__Labs1                                   abs1         000000
__Lbank0                                  bank0        000000
__Lbank1                                  bank1        000000
__Lbank10                                 bank10       000000
__Lbank11                                 bank11       000000
__Lbank12                                 bank12       000000
__Lbank13                                 bank13       000000
__Lbank14                                 bank14       000000
__Lbank15                                 bank15       000000
__Lbank2                                  bank2        000000
__Lbank3                                  bank3        000000
__Lbank4                                  bank4        000000
__Lbank5                                  bank5        000000
__Lbank6                                  bank6        000000
__Lbank7                                  bank7        000000
__Lbank8                                  bank8        000000
__Lbank9                                  bank9        000000
__Lbigbss                                 bigbss       000000
__Lbigdata                                bigdata      000000
__Lbigram                                 bigram       000000
__Lbigsfr                                 bigsfr       000000
__Lbss                                    bss          000000
__LbssCOMRAM                              bssCOMRAM    000000
__Lcinit                                  cinit        000000
__Lclrtext                                clrtext      000000
__Lcomram                                 comram       000000
__Lconfig                                 config       000000
__Lconst                                  const        000000
__LcstackCOMRAM                           cstackCOMRAM 000000
__Ldata                                   data         000000
__LdataBANK0                              dataBANK0    000000
__LdataCOMRAM                             dataCOMRAM   000000
__Leeprom_data                            eeprom_data  000000
__Lfarbss                                 farbss       000000
__Lfardata                                fardata      000000
__Lheap                                   heap         000000
__Libigdata                               ibigdata     000000
__Lidata                                  idata        000000
__LidataBANK0                             idataBANK0   000000
__LidataCOMRAM                            idataCOMRAM  000000
__Lidloc                                  idloc        000000
__Lifardata                               ifardata     000000
__Linit                                   init         000000
__Lintcode                                intcode      000000
__Lintcode_body                           intcode_body 000000
__Lintcodelo                              intcodelo    000000
__Lintentry                               intentry     000000
__Lintret                                 intret       000000
__Lintsave_regs                           intsave_regs 000000
__Lirdata                                 irdata       000000
__Lmediumconst                            mediumconst  000000
__LnvFARRAM                               nvFARRAM     000000
__Lnvbit                                  nvbit        000000
__Lnvrram                                 nvrram       000000
__Lparam                                  rparam       000000
__Lpowerup                                powerup      000000
__Lram                                    ram          000000
__Lramtop                                 ramtop       001000
__Lrbit                                   rbit         000000
__Lrbss                                   rbss         000000
__Lrdata                                  rdata        000000
__Lreset_vec                              reset_vec    000000
__Lrparam                                 rparam       000000
__Lsfr                                    sfr          000000
__Lsmallconst                             smallconst   001000
__Lspace_0                                (abs)        000000
__Lspace_1                                (abs)        000000
__Lspace_2                                (abs)        000000
__Lspace_4                                (abs)        000000
__Lstack                                  stack        000000
__Lstruct                                 struct       000000
__Ltemp                                   temp         000000
__Ltext                                   text         000000
__Ltext0                                  text0        000000
__Ltext1                                  text1        000000
__Ltext10                                 text10       000000
__Ltext11                                 text11       000000
__Ltext12                                 text12       000000
__Ltext13                                 text13       000000
__Ltext14                                 text14       000000
__Ltext15                                 text15       000000
__Ltext16                                 text16       000000
__Ltext17                                 text17       000000
__Ltext2                                  text2        000000
__Ltext3                                  text3        000000
__Ltext4                                  text4        000000
__Ltext5                                  text5        000000
__Ltext6                                  text6        000000
__Ltext7                                  text7        000000
__Ltext8                                  text8        000000
__Ltext9                                  text9        000000
__S0                                      (abs)        001A84
__S1                                      (abs)        00009A
__S4                                      (abs)        000000
__S5                                      (abs)        000000
___heap_hi                                (abs)        000000
___heap_lo                                (abs)        000000
___inthi_sp                               stack        000000
___inthi_stack_hi                         stack        000000
___inthi_stack_lo                         stack        000000
___intlo_sp                               stack        000000
___intlo_stack_hi                         stack        000000
___intlo_stack_lo                         stack        000000
___param_bank                             (abs)        000000
___rparam_used                            (abs)        000001
___sp                                     stack        000000
___stack_hi                               stack        000000
___stack_lo                               stack        000000
__accesstop                               (abs)        000080
__activetblptr                            (abs)        000002
__end_of__initialization                  cinit        00192E
__end_of_application_initialize           text6        001A84
__end_of_battary_charging2                text1        0013EE
__end_of_ecu_layer_initialize             text7        001A6E
__end_of_gpio_pin_direction_initialize    text17       00116E
__end_of_gpio_pin_initialize              text15       0016E0
__end_of_gpio_pin_write_logic             text16       0012B2
__end_of_keypad_values                    smallconst   001011
__end_of_lcd_4bit_initialize              text11       0015BA
__end_of_lcd_4bit_send_char_data          text5        001886
__end_of_lcd_4bit_send_char_data_pos      text3        001A3E
__end_of_lcd_4bit_send_command            text12       0018E2
__end_of_lcd_4bit_send_custom_char_pos    text2        0017C8
__end_of_lcd_4bit_send_enable_signal      text14       001A02
__end_of_lcd_4bit_set_cursor              text4        001666
__end_of_lcd_8bit_initialize              text8        0014D4
__end_of_lcd_8bit_send_command            text9        001756
__end_of_lcd_8bit_send_enable_signal      text10       0019C4
__end_of_lcd_send_4bits                   text13       00182A
__end_of_main                             text0        001A7E
__initialization                          cinit        0018E2
__mediumconst                             mediumconst  000000
__pbssCOMRAM                              bssCOMRAM    000074
__pcinit                                  cinit        0018E2
__pcstackCOMRAM                           cstackCOMRAM 00004E
__pdataBANK0                              dataBANK0    000080
__pdataCOMRAM                             dataCOMRAM   000001
__pidataBANK0                             idataBANK0   001A3E
__pidataCOMRAM                            idataCOMRAM  001938
__psmallconst                             smallconst   001000
__ptext0                                  text0        001A6E
__ptext1                                  text1        0012B2
__ptext10                                 text10       001986
__ptext11                                 text11       0014D4
__ptext12                                 text12       001886
__ptext13                                 text13       0017C8
__ptext14                                 text14       0019C4
__ptext15                                 text15       001666
__ptext16                                 text16       00116E
__ptext17                                 text17       001028
__ptext2                                  text2        001756
__ptext3                                  text3        001A02
__ptext4                                  text4        0015BA
__ptext5                                  text5        00182A
__ptext6                                  text6        001A7E
__ptext7                                  text7        001A58
__ptext8                                  text8        0013EE
__ptext9                                  text9        0016E0
__ramtop                                  ramtop       001000
__smallconst                              smallconst   001000
_application_initialize                   text6        001A7E
_battary_charging2                        text1        0012B2
_customChar1                              dataCOMRAM   000040
_customChar2                              dataCOMRAM   000038
_customChar3                              dataCOMRAM   000030
_customChar4                              dataCOMRAM   000028
_customChar5                              dataCOMRAM   000020
_customChar6                              dataBANK0    000092
_ecu_layer_initialize                     text7        001A58
_gpio_pin_direction_initialize            text17       001028
_gpio_pin_initialize                      text15       001666
_gpio_pin_write_logic                     text16       00116E
_keypad1                                  dataBANK0    00008A
_keypad_values                            smallconst   001001
_lat_registers                            dataCOMRAM   000001
_lcd1                                     dataCOMRAM   000048
_lcd2                                     dataCOMRAM   000016
_lcd_4bit_initialize                      text11       0014D4
_lcd_4bit_send_char_data                  text5        00182A
_lcd_4bit_send_char_data_pos              text3        001A02
_lcd_4bit_send_command                    text12       001886
_lcd_4bit_send_custom_char_pos            text2        001756
_lcd_4bit_send_enable_signal              text14       0019C4
_lcd_4bit_set_cursor                      text4        0015BA
_lcd_8bit_initialize                      text8        0013EE
_lcd_8bit_send_command                    text9        0016E0
_lcd_8bit_send_enable_signal              text10       001986
_lcd_send_4bits                           text13       0017C8
_led1                                     dataCOMRAM   000015
_main                                     text0        001A6E
_port_registers                           dataBANK0    000080
_ret                                      bssCOMRAM    000074
_tris_registers                           dataCOMRAM   00000B
battary_charging2@l_lcd1_counter          cstackCOMRAM 000073
ecu_layer_initialize@ret_init             cstackCOMRAM 000063
end_of_initialization                     cinit        00192E
gpio_pin_direction_initialize@_pin_config cstackCOMRAM 00004E
gpio_pin_direction_initialize@ret         cstackCOMRAM 000054
gpio_pin_initialize@_pin_config           cstackCOMRAM 000056
gpio_pin_initialize@ret                   cstackCOMRAM 000058
gpio_pin_write_logic@_pin_config          cstackCOMRAM 00004E
gpio_pin_write_logic@logic                cstackCOMRAM 00004F
gpio_pin_write_logic@ret                  cstackCOMRAM 000055
intlevel0                                 text         000000
intlevel1                                 text         000000
intlevel2                                 text         000000
intlevel3                                 text         000000
isa$std                                   (abs)        000001
isa$xinst                                 (abs)        000000
lcd_4bit_initialize@l_pins_counter        cstackCOMRAM 000061
lcd_4bit_initialize@lcd                   cstackCOMRAM 00005F
lcd_4bit_initialize@ret                   cstackCOMRAM 000062
lcd_4bit_send_char_data@data              cstackCOMRAM 00005D
lcd_4bit_send_char_data@lcd               cstackCOMRAM 00005C
lcd_4bit_send_char_data@ret               cstackCOMRAM 00005E
lcd_4bit_send_char_data_pos@column        cstackCOMRAM 000067
lcd_4bit_send_char_data_pos@data          cstackCOMRAM 000068
lcd_4bit_send_char_data_pos@lcd           cstackCOMRAM 000065
lcd_4bit_send_char_data_pos@ret           cstackCOMRAM 000069
lcd_4bit_send_char_data_pos@row           cstackCOMRAM 000066
lcd_4bit_send_command@command             cstackCOMRAM 00005D
lcd_4bit_send_command@lcd                 cstackCOMRAM 00005C
lcd_4bit_send_command@ret                 cstackCOMRAM 00005E
lcd_4bit_send_custom_char_pos@_char       cstackCOMRAM 00006D
lcd_4bit_send_custom_char_pos@column      cstackCOMRAM 00006C
lcd_4bit_send_custom_char_pos@lcd         cstackCOMRAM 00006A
lcd_4bit_send_custom_char_pos@lcd_counter cstackCOMRAM 000070
lcd_4bit_send_custom_char_pos@mem_pos     cstackCOMRAM 00006E
lcd_4bit_send_custom_char_pos@ret         cstackCOMRAM 00006F
lcd_4bit_send_custom_char_pos@row         cstackCOMRAM 00006B
lcd_4bit_send_enable_signal@lcd           cstackCOMRAM 000056
lcd_4bit_send_enable_signal@ret           cstackCOMRAM 000057
lcd_4bit_set_cursor@column                cstackCOMRAM 000061
lcd_4bit_set_cursor@lcd                   cstackCOMRAM 00005F
lcd_4bit_set_cursor@ret                   cstackCOMRAM 000064
lcd_4bit_set_cursor@row                   cstackCOMRAM 000060
lcd_8bit_initialize@l_pins_counter        cstackCOMRAM 000060
lcd_8bit_initialize@lcd                   cstackCOMRAM 00005E
lcd_8bit_initialize@ret                   cstackCOMRAM 000061
lcd_8bit_send_command@command             cstackCOMRAM 000059
lcd_8bit_send_command@l_pins_counter      cstackCOMRAM 00005D
lcd_8bit_send_command@lcd                 cstackCOMRAM 000058
lcd_8bit_send_command@ret                 cstackCOMRAM 00005C
lcd_8bit_send_enable_signal@lcd           cstackCOMRAM 000056
lcd_8bit_send_enable_signal@ret           cstackCOMRAM 000057
lcd_send_4bits@_data_command              cstackCOMRAM 000057
lcd_send_4bits@l_pins_counter             cstackCOMRAM 00005B
lcd_send_4bits@lcd                        cstackCOMRAM 000056
lcd_send_4bits@ret                        cstackCOMRAM 00005A
led_initialize@F3059                      bssCOMRAM    00007B
led_turn_off@F3069                        bssCOMRAM    000079
led_turn_on@F3064                         bssCOMRAM    00007A
led_turn_toggle@F3074                     bssCOMRAM    000078
relay_initialize@F3057                    bssCOMRAM    000077
relay_turn_off@F3067                      bssCOMRAM    000075
relay_turn_on@F3062                       bssCOMRAM    000076
stackhi                                   (abs)        000000
stacklo                                   (abs)        000000
start                                     init         000000
start_initialization                      cinit        0018E2


MODULE INFORMATION

Module		Function		Class		Link	Load	Size
Application1.c
		_application_initialize		CODE           	1A7E	0000	6
		_main          		CODE           	1A6E	0000	16
		_battary_charging2		CODE           	12B2	0000	316

Application1.c estimated size: 338

ECU_Layer/Chr_LCD/ecu_chr_lcd.c
		_lcd_8bit_send_enable_signal		CODE           	1986	0000	62
		_lcd_4bit_send_command		CODE           	1886	0000	92
		_lcd_4bit_send_char_data		CODE           	182A	0000	92
		_lcd_send_4bits		CODE           	17C8	0000	98
		_lcd_4bit_send_char_data_pos		CODE           	1A02	0000	60
		_lcd_4bit_set_cursor		CODE           	15BA	0000	172
		_lcd_4bit_send_enable_signal		CODE           	19C4	0000	62
		_lcd_8bit_initialize		CODE           	13EE	0000	230
		_lcd_4bit_send_custom_char_pos		CODE           	1756	0000	114
		_lcd_8bit_send_command		CODE           	16E0	0000	118
		_lcd_4bit_initialize		CODE           	14D4	0000	230

ECU_Layer/Chr_LCD/ecu_chr_lcd.c estimated size: 1330

shared
		__initialization		CODE           	18E2	0000	76
		_keypad_values 		SMALLCONST     	1001	0000	16

shared estimated size: 92

MCAL_Layer/GPIO/hal_gpio.c
		_gpio_pin_write_logic		CODE           	116E	0000	324
		_gpio_pin_direction_initialize		CODE           	1028	0000	326
		_gpio_pin_initialize		CODE           	1666	0000	122

MCAL_Layer/GPIO/hal_gpio.c estimated size: 772

ECU_Layer/ecu_layer_init.c
		_ecu_layer_initialize		CODE           	1A58	0000	22

ECU_Layer/ecu_layer_init.c estimated size: 22

